interactions:
- request:
    body: null
    headers:
      Accept:
      - application/json
      Connection:
      - close
      Content-Type:
      - application/json
      Host:
      - pulp3-sandbox-debian-testing
      User-Agent:
      - Python-urllib/3.9
    method: GET
    uri: https://pulp.example.org/pulp/api/v3/remotes/ansible/collection/?limit=1&name=test_ansible_collection_remote
  response:
    body:
      string: '{"count":1,"next":null,"previous":null,"results":[{"pulp_href":"/pulp/api/v3/remotes/ansible/collection/6ae1050a-2965-4a22-849d-07758df04eed/","pulp_created":"2021-07-23T10:04:30.683468Z","name":"test_ansible_collection_remote","url":"https://galaxy.ansible.com/","ca_cert":null,"client_cert":null,"tls_validation":true,"proxy_url":null,"pulp_labels":{},"pulp_last_updated":"2021-07-23T10:05:34.042561Z","download_concurrency":null,"max_retries":null,"policy":"immediate","total_timeout":null,"connect_timeout":null,"sock_connect_timeout":null,"sock_read_timeout":null,"headers":null,"rate_limit":null,"requirements_file":"collections:\n-
        pulp.squeezer","auth_url":null,"token":null,"sync_dependencies":true}]}'
    headers:
      Access-Control-Expose-Headers:
      - Correlation-ID
      Allow:
      - GET, POST, HEAD, OPTIONS
      Connection:
      - close
      Content-Length:
      - '710'
      Content-Type:
      - application/json
      Correlation-ID:
      - 1bfc7274ba064809b8e5bd3efffccb7e
      Date:
      - Fri, 23 Jul 2021 10:05:45 GMT
      Server:
      - nginx/1.18.0
      Strict-Transport-Security:
      - max-age=15768000
      Vary:
      - Accept, Cookie
      X-Frame-Options:
      - SAMEORIGIN
    status:
      code: 200
      message: OK
- request:
    body: null
    headers:
      Accept:
      - application/json
      Connection:
      - close
      Content-Type:
      - application/json
      Host:
      - pulp3-sandbox-debian-testing
      User-Agent:
      - Python-urllib/3.9
    method: GET
    uri: https://pulp.example.org/pulp/api/v3/repositories/ansible/ansible/?limit=1&name=test_ansible_repository
  response:
    body:
      string: '{"count":1,"next":null,"previous":null,"results":[{"pulp_href":"/pulp/api/v3/repositories/ansible/ansible/4d7e78be-5282-4a9d-a69e-65bec6380949/","pulp_created":"2021-07-23T10:05:33.172686Z","versions_href":"/pulp/api/v3/repositories/ansible/ansible/4d7e78be-5282-4a9d-a69e-65bec6380949/versions/","pulp_labels":{},"latest_version_href":"/pulp/api/v3/repositories/ansible/ansible/4d7e78be-5282-4a9d-a69e-65bec6380949/versions/1/","name":"test_ansible_repository","description":null,"retained_versions":null,"remote":null,"last_synced_metadata_time":null}]}'
    headers:
      Access-Control-Expose-Headers:
      - Correlation-ID
      Allow:
      - GET, POST, HEAD, OPTIONS
      Connection:
      - close
      Content-Length:
      - '555'
      Content-Type:
      - application/json
      Correlation-ID:
      - 22672f5439aa46069da96bdc0d98fb5e
      Date:
      - Fri, 23 Jul 2021 10:05:45 GMT
      Server:
      - nginx/1.18.0
      Strict-Transport-Security:
      - max-age=15768000
      Vary:
      - Accept, Cookie
      X-Frame-Options:
      - SAMEORIGIN
    status:
      code: 200
      message: OK
- request:
    body: '{"remote": "/pulp/api/v3/remotes/ansible/collection/6ae1050a-2965-4a22-849d-07758df04eed/"}'
    headers:
      Accept:
      - application/json
      Connection:
      - close
      Content-Length:
      - 91
      Content-Type:
      - application/json
      Host:
      - pulp3-sandbox-debian-testing
      User-Agent:
      - Python-urllib/3.9
    method: POST
    uri: https://pulp.example.org/pulp/api/v3/repositories/ansible/ansible/4d7e78be-5282-4a9d-a69e-65bec6380949/sync/
  response:
    body:
      string: '{"task":"/pulp/api/v3/tasks/31dbce99-25b2-4b82-8053-8777fae6b90e/"}'
    headers:
      Access-Control-Expose-Headers:
      - Correlation-ID
      Allow:
      - POST, OPTIONS
      Connection:
      - close
      Content-Length:
      - '67'
      Content-Type:
      - application/json
      Correlation-ID:
      - 9e58e681405a4044956b34705a2bfe41
      Date:
      - Fri, 23 Jul 2021 10:05:45 GMT
      Server:
      - nginx/1.18.0
      Vary:
      - Accept, Cookie
      X-Frame-Options:
      - SAMEORIGIN
    status:
      code: 202
      message: Accepted
- request:
    body: null
    headers:
      Accept:
      - application/json
      Connection:
      - close
      Content-Type:
      - application/json
      Host:
      - pulp3-sandbox-debian-testing
      User-Agent:
      - Python-urllib/3.9
    method: GET
    uri: https://pulp.example.org/pulp/api/v3/tasks/31dbce99-25b2-4b82-8053-8777fae6b90e/
  response:
    body:
      string: '{"pulp_href":"/pulp/api/v3/tasks/31dbce99-25b2-4b82-8053-8777fae6b90e/","pulp_created":"2021-07-23T10:05:45.574502Z","state":"running","name":"pulp_ansible.app.tasks.collections.sync","logging_cid":"9e58e681405a4044956b34705a2bfe41","started_at":"2021-07-23T10:05:45.608531Z","finished_at":null,"error":null,"worker":"/pulp/api/v3/workers/30d32cf9-3d5a-4c76-b1dd-819457773527/","parent_task":null,"child_tasks":[],"task_group":null,"progress_reports":[{"message":"no_change:
        Checking if remote changed since last sync.","code":"sync.no_change","state":"completed","total":null,"done":0,"suffix":null},{"message":"Downloading
        Artifacts","code":"sync.downloading.artifacts","state":"running","total":null,"done":0,"suffix":null},{"message":"Downloading
        Artifacts","code":"sync.downloading.artifacts","state":"running","total":null,"done":0,"suffix":null},{"message":"Associating
        Content","code":"associating.content","state":"running","total":null,"done":0,"suffix":null}],"created_resources":[null],"reserved_resources_record":["/pulp/api/v3/remotes/ansible/collection/6ae1050a-2965-4a22-849d-07758df04eed/","/pulp/api/v3/repositories/ansible/ansible/4d7e78be-5282-4a9d-a69e-65bec6380949/"]}'
    headers:
      Access-Control-Expose-Headers:
      - Correlation-ID
      Allow:
      - GET, PATCH, DELETE, HEAD, OPTIONS
      Connection:
      - close
      Content-Length:
      - '1190'
      Content-Type:
      - application/json
      Correlation-ID:
      - 1eeb63a3fdf24462bdde1dc315eaab4f
      Date:
      - Fri, 23 Jul 2021 10:05:45 GMT
      Server:
      - nginx/1.18.0
      Strict-Transport-Security:
      - max-age=15768000
      Vary:
      - Accept, Cookie
      X-Frame-Options:
      - SAMEORIGIN
    status:
      code: 200
      message: OK
- request:
    body: null
    headers:
      Accept:
      - application/json
      Connection:
      - close
      Content-Type:
      - application/json
      Host:
      - pulp3-sandbox-debian-testing
      User-Agent:
      - Python-urllib/3.9
    method: GET
    uri: https://pulp.example.org/pulp/api/v3/tasks/31dbce99-25b2-4b82-8053-8777fae6b90e/
  response:
    body:
      string: '{"pulp_href":"/pulp/api/v3/tasks/31dbce99-25b2-4b82-8053-8777fae6b90e/","pulp_created":"2021-07-23T10:05:45.574502Z","state":"running","name":"pulp_ansible.app.tasks.collections.sync","logging_cid":"9e58e681405a4044956b34705a2bfe41","started_at":"2021-07-23T10:05:45.608531Z","finished_at":null,"error":null,"worker":"/pulp/api/v3/workers/30d32cf9-3d5a-4c76-b1dd-819457773527/","parent_task":null,"child_tasks":[],"task_group":null,"progress_reports":[{"message":"no_change:
        Checking if remote changed since last sync.","code":"sync.no_change","state":"completed","total":null,"done":0,"suffix":null},{"message":"Downloading
        Artifacts","code":"sync.downloading.artifacts","state":"running","total":null,"done":0,"suffix":null},{"message":"Downloading
        Artifacts","code":"sync.downloading.artifacts","state":"running","total":null,"done":0,"suffix":null},{"message":"Associating
        Content","code":"associating.content","state":"running","total":null,"done":0,"suffix":null}],"created_resources":[null],"reserved_resources_record":["/pulp/api/v3/remotes/ansible/collection/6ae1050a-2965-4a22-849d-07758df04eed/","/pulp/api/v3/repositories/ansible/ansible/4d7e78be-5282-4a9d-a69e-65bec6380949/"]}'
    headers:
      Access-Control-Expose-Headers:
      - Correlation-ID
      Allow:
      - GET, PATCH, DELETE, HEAD, OPTIONS
      Connection:
      - close
      Content-Length:
      - '1190'
      Content-Type:
      - application/json
      Correlation-ID:
      - 326feca500034fe880d602a104678e8c
      Date:
      - Fri, 23 Jul 2021 10:05:47 GMT
      Server:
      - nginx/1.18.0
      Strict-Transport-Security:
      - max-age=15768000
      Vary:
      - Accept, Cookie
      X-Frame-Options:
      - SAMEORIGIN
    status:
      code: 200
      message: OK
- request:
    body: null
    headers:
      Accept:
      - application/json
      Connection:
      - close
      Content-Type:
      - application/json
      Host:
      - pulp3-sandbox-debian-testing
      User-Agent:
      - Python-urllib/3.9
    method: GET
    uri: https://pulp.example.org/pulp/api/v3/tasks/31dbce99-25b2-4b82-8053-8777fae6b90e/
  response:
    body:
      string: '{"pulp_href":"/pulp/api/v3/tasks/31dbce99-25b2-4b82-8053-8777fae6b90e/","pulp_created":"2021-07-23T10:05:45.574502Z","state":"running","name":"pulp_ansible.app.tasks.collections.sync","logging_cid":"9e58e681405a4044956b34705a2bfe41","started_at":"2021-07-23T10:05:45.608531Z","finished_at":null,"error":null,"worker":"/pulp/api/v3/workers/30d32cf9-3d5a-4c76-b1dd-819457773527/","parent_task":null,"child_tasks":[],"task_group":null,"progress_reports":[{"message":"no_change:
        Checking if remote changed since last sync.","code":"sync.no_change","state":"completed","total":null,"done":0,"suffix":null},{"message":"Downloading
        Artifacts","code":"sync.downloading.artifacts","state":"running","total":null,"done":0,"suffix":null},{"message":"Associating
        Content","code":"associating.content","state":"running","total":null,"done":0,"suffix":null},{"message":"Parsing
        CollectionVersion Metadata","code":"sync.parsing.metadata","state":"completed","total":null,"done":8,"suffix":null},{"message":"Downloading
        Artifacts","code":"sync.downloading.artifacts","state":"running","total":null,"done":1,"suffix":null}],"created_resources":[null],"reserved_resources_record":["/pulp/api/v3/remotes/ansible/collection/6ae1050a-2965-4a22-849d-07758df04eed/","/pulp/api/v3/repositories/ansible/ansible/4d7e78be-5282-4a9d-a69e-65bec6380949/"]}'
    headers:
      Access-Control-Expose-Headers:
      - Correlation-ID
      Allow:
      - GET, PATCH, DELETE, HEAD, OPTIONS
      Connection:
      - close
      Content-Length:
      - '1326'
      Content-Type:
      - application/json
      Correlation-ID:
      - e830f9b83516455fb6a53d5838af49b2
      Date:
      - Fri, 23 Jul 2021 10:05:49 GMT
      Server:
      - nginx/1.18.0
      Strict-Transport-Security:
      - max-age=15768000
      Vary:
      - Accept, Cookie
      X-Frame-Options:
      - SAMEORIGIN
    status:
      code: 200
      message: OK
- request:
    body: null
    headers:
      Accept:
      - application/json
      Connection:
      - close
      Content-Type:
      - application/json
      Host:
      - pulp3-sandbox-debian-testing
      User-Agent:
      - Python-urllib/3.9
    method: GET
    uri: https://pulp.example.org/pulp/api/v3/tasks/31dbce99-25b2-4b82-8053-8777fae6b90e/
  response:
    body:
      string: '{"pulp_href":"/pulp/api/v3/tasks/31dbce99-25b2-4b82-8053-8777fae6b90e/","pulp_created":"2021-07-23T10:05:45.574502Z","state":"completed","name":"pulp_ansible.app.tasks.collections.sync","logging_cid":"9e58e681405a4044956b34705a2bfe41","started_at":"2021-07-23T10:05:45.608531Z","finished_at":"2021-07-23T10:05:50.321472Z","error":null,"worker":"/pulp/api/v3/workers/30d32cf9-3d5a-4c76-b1dd-819457773527/","parent_task":null,"child_tasks":[],"task_group":null,"progress_reports":[{"message":"Downloading
        Artifacts","code":"sync.downloading.artifacts","state":"completed","total":null,"done":0,"suffix":null},{"message":"no_change:
        Checking if remote changed since last sync.","code":"sync.no_change","state":"completed","total":null,"done":0,"suffix":null},{"message":"Associating
        Content","code":"associating.content","state":"completed","total":null,"done":8,"suffix":null},{"message":"Parsing
        CollectionVersion Metadata","code":"sync.parsing.metadata","state":"completed","total":null,"done":8,"suffix":null},{"message":"Downloading
        Artifacts","code":"sync.downloading.artifacts","state":"completed","total":null,"done":8,"suffix":null}],"created_resources":["/pulp/api/v3/repositories/ansible/ansible/4d7e78be-5282-4a9d-a69e-65bec6380949/versions/2/"],"reserved_resources_record":["/pulp/api/v3/remotes/ansible/collection/6ae1050a-2965-4a22-849d-07758df04eed/","/pulp/api/v3/repositories/ansible/ansible/4d7e78be-5282-4a9d-a69e-65bec6380949/"]}'
    headers:
      Access-Control-Expose-Headers:
      - Correlation-ID
      Allow:
      - GET, PATCH, DELETE, HEAD, OPTIONS
      Connection:
      - close
      Content-Length:
      - '1447'
      Content-Type:
      - application/json
      Correlation-ID:
      - 83273bad91924df785d850e4ac802348
      Date:
      - Fri, 23 Jul 2021 10:05:52 GMT
      Server:
      - nginx/1.18.0
      Strict-Transport-Security:
      - max-age=15768000
      Vary:
      - Accept, Cookie
      X-Frame-Options:
      - SAMEORIGIN
    status:
      code: 200
      message: OK
version: 1
