interactions:
- request:
    body: null
    headers:
      Accept:
      - application/json
      Connection:
      - close
      Content-Type:
      - application/json
      Host:
      - localhost:8080
      User-Agent:
      - Python-urllib/3.6
    method: GET
    uri: http://pulp.example.org/pulp/api/v3/remotes/container/container/?limit=1&name=test_container_remote
  response:
    body:
      string: '{"count":1,"next":null,"previous":null,"results":[{"pulp_href":"/pulp/api/v3/remotes/container/container/9aaf481e-dfab-4099-81d4-a254d84fba76/","pulp_created":"2021-10-06T08:38:28.200545Z","name":"test_container_remote","url":"https://registry-1.docker.io","ca_cert":null,"client_cert":null,"tls_validation":true,"proxy_url":null,"pulp_labels":{},"pulp_last_updated":"2021-10-06T08:38:28.200563Z","download_concurrency":null,"max_retries":null,"policy":"immediate","total_timeout":null,"connect_timeout":null,"sock_connect_timeout":null,"sock_read_timeout":null,"headers":null,"rate_limit":null,"upstream_name":"pulp/test-fixture-1","include_tags":null,"exclude_tags":null}]}'
    headers:
      Access-Control-Expose-Headers:
      - Correlation-ID
      Allow:
      - GET, POST, HEAD, OPTIONS
      Connection:
      - close
      Content-Length:
      - '675'
      Content-Type:
      - application/json
      Correlation-ID:
      - a151f1c346fb4994a975df6eb5642e1c
      Date:
      - Wed, 06 Oct 2021 08:38:42 GMT
      Referrer-Policy:
      - same-origin
      Server:
      - nginx/1.14.1
      Vary:
      - Accept, Cookie
      X-Content-Type-Options:
      - nosniff
      X-Frame-Options:
      - DENY
    status:
      code: 200
      message: OK
- request:
    body: null
    headers:
      Accept:
      - application/json
      Connection:
      - close
      Content-Type:
      - application/json
      Host:
      - localhost:8080
      User-Agent:
      - Python-urllib/3.6
    method: GET
    uri: http://pulp.example.org/pulp/api/v3/repositories/container/container/?limit=1&name=test_container_repository
  response:
    body:
      string: '{"count":1,"next":null,"previous":null,"results":[{"pulp_href":"/pulp/api/v3/repositories/container/container/339f9d6c-0653-4645-8aa5-d67157f868e8/","pulp_created":"2021-10-06T08:38:27.412765Z","versions_href":"/pulp/api/v3/repositories/container/container/339f9d6c-0653-4645-8aa5-d67157f868e8/versions/","pulp_labels":{},"latest_version_href":"/pulp/api/v3/repositories/container/container/339f9d6c-0653-4645-8aa5-d67157f868e8/versions/1/","name":"test_container_repository","description":null,"retain_repo_versions":null,"remote":null}]}'
    headers:
      Access-Control-Expose-Headers:
      - Correlation-ID
      Allow:
      - GET, POST, HEAD, OPTIONS
      Connection:
      - close
      Content-Length:
      - '539'
      Content-Type:
      - application/json
      Correlation-ID:
      - 352cd94273d842fd9ace2d153ef16889
      Date:
      - Wed, 06 Oct 2021 08:38:43 GMT
      Referrer-Policy:
      - same-origin
      Server:
      - nginx/1.14.1
      Vary:
      - Accept, Cookie
      X-Content-Type-Options:
      - nosniff
      X-Frame-Options:
      - DENY
    status:
      code: 200
      message: OK
- request:
    body: '{"remote": "/pulp/api/v3/remotes/container/container/9aaf481e-dfab-4099-81d4-a254d84fba76/"}'
    headers:
      Accept:
      - application/json
      Connection:
      - close
      Content-Length:
      - 92
      Content-Type:
      - application/json
      Host:
      - localhost:8080
      User-Agent:
      - Python-urllib/3.6
    method: POST
    uri: http://pulp.example.org/pulp/api/v3/repositories/container/container/339f9d6c-0653-4645-8aa5-d67157f868e8/sync/
  response:
    body:
      string: '{"task":"/pulp/api/v3/tasks/95346d2c-a07e-4c8c-a084-5c3a5e47c03f/"}'
    headers:
      Access-Control-Expose-Headers:
      - Correlation-ID
      Allow:
      - POST, OPTIONS
      Connection:
      - close
      Content-Length:
      - '67'
      Content-Type:
      - application/json
      Correlation-ID:
      - e36e5eea7274468ebb11d185949f805c
      Date:
      - Wed, 06 Oct 2021 08:38:43 GMT
      Referrer-Policy:
      - same-origin
      Server:
      - nginx/1.14.1
      Vary:
      - Accept, Cookie
      X-Content-Type-Options:
      - nosniff
      X-Frame-Options:
      - DENY
    status:
      code: 202
      message: Accepted
- request:
    body: null
    headers:
      Accept:
      - application/json
      Connection:
      - close
      Content-Type:
      - application/json
      Host:
      - localhost:8080
      User-Agent:
      - Python-urllib/3.6
    method: GET
    uri: http://pulp.example.org/pulp/api/v3/tasks/95346d2c-a07e-4c8c-a084-5c3a5e47c03f/
  response:
    body:
      string: '{"pulp_href":"/pulp/api/v3/tasks/95346d2c-a07e-4c8c-a084-5c3a5e47c03f/","pulp_created":"2021-10-06T08:38:43.232742Z","state":"running","name":"pulp_container.app.tasks.synchronize.synchronize","logging_cid":"e36e5eea7274468ebb11d185949f805c","started_at":"2021-10-06T08:38:43.273450Z","finished_at":null,"error":null,"worker":"/pulp/api/v3/workers/f51806a9-44e6-480c-b26f-696a2d4b9499/","parent_task":null,"child_tasks":[],"task_group":null,"progress_reports":[{"message":"Downloading
        tag list","code":"sync.downloading.tag_list","state":"running","total":1,"done":0,"suffix":null},{"message":"Downloading
        Artifacts","code":"sync.downloading.artifacts","state":"running","total":null,"done":0,"suffix":null},{"message":"Associating
        Content","code":"associating.content","state":"running","total":null,"done":0,"suffix":null}],"created_resources":[null],"reserved_resources_record":["/pulp/api/v3/repositories/container/container/339f9d6c-0653-4645-8aa5-d67157f868e8/","/pulp/api/v3/remotes/container/container/9aaf481e-dfab-4099-81d4-a254d84fba76/"]}'
    headers:
      Access-Control-Expose-Headers:
      - Correlation-ID
      Allow:
      - GET, PATCH, DELETE, HEAD, OPTIONS
      Connection:
      - close
      Content-Length:
      - '1050'
      Content-Type:
      - application/json
      Correlation-ID:
      - 61a4d0c9d0be40ba89c4616ddda62278
      Date:
      - Wed, 06 Oct 2021 08:38:43 GMT
      Referrer-Policy:
      - same-origin
      Server:
      - nginx/1.14.1
      Vary:
      - Accept, Cookie
      X-Content-Type-Options:
      - nosniff
      X-Frame-Options:
      - DENY
    status:
      code: 200
      message: OK
- request:
    body: null
    headers:
      Accept:
      - application/json
      Connection:
      - close
      Content-Type:
      - application/json
      Host:
      - localhost:8080
      User-Agent:
      - Python-urllib/3.6
    method: GET
    uri: http://pulp.example.org/pulp/api/v3/tasks/95346d2c-a07e-4c8c-a084-5c3a5e47c03f/
  response:
    body:
      string: '{"pulp_href":"/pulp/api/v3/tasks/95346d2c-a07e-4c8c-a084-5c3a5e47c03f/","pulp_created":"2021-10-06T08:38:43.232742Z","state":"running","name":"pulp_container.app.tasks.synchronize.synchronize","logging_cid":"e36e5eea7274468ebb11d185949f805c","started_at":"2021-10-06T08:38:43.273450Z","finished_at":null,"error":null,"worker":"/pulp/api/v3/workers/f51806a9-44e6-480c-b26f-696a2d4b9499/","parent_task":null,"child_tasks":[],"task_group":null,"progress_reports":[{"message":"Downloading
        tag list","code":"sync.downloading.tag_list","state":"completed","total":1,"done":1,"suffix":null},{"message":"Downloading
        Artifacts","code":"sync.downloading.artifacts","state":"running","total":null,"done":1,"suffix":null},{"message":"Associating
        Content","code":"associating.content","state":"running","total":null,"done":2,"suffix":null},{"message":"Processing
        Tags","code":"sync.processing.tag","state":"completed","total":9,"done":9,"suffix":null}],"created_resources":[null],"reserved_resources_record":["/pulp/api/v3/repositories/container/container/339f9d6c-0653-4645-8aa5-d67157f868e8/","/pulp/api/v3/remotes/container/container/9aaf481e-dfab-4099-81d4-a254d84fba76/"]}'
    headers:
      Access-Control-Expose-Headers:
      - Correlation-ID
      Allow:
      - GET, PATCH, DELETE, HEAD, OPTIONS
      Connection:
      - close
      Content-Length:
      - '1164'
      Content-Type:
      - application/json
      Correlation-ID:
      - d29aae3ffa644e9bb2e42f2754430b29
      Date:
      - Wed, 06 Oct 2021 08:38:45 GMT
      Referrer-Policy:
      - same-origin
      Server:
      - nginx/1.14.1
      Vary:
      - Accept, Cookie
      X-Content-Type-Options:
      - nosniff
      X-Frame-Options:
      - DENY
    status:
      code: 200
      message: OK
- request:
    body: null
    headers:
      Accept:
      - application/json
      Connection:
      - close
      Content-Type:
      - application/json
      Host:
      - localhost:8080
      User-Agent:
      - Python-urllib/3.6
    method: GET
    uri: http://pulp.example.org/pulp/api/v3/tasks/95346d2c-a07e-4c8c-a084-5c3a5e47c03f/
  response:
    body:
      string: '{"pulp_href":"/pulp/api/v3/tasks/95346d2c-a07e-4c8c-a084-5c3a5e47c03f/","pulp_created":"2021-10-06T08:38:43.232742Z","state":"running","name":"pulp_container.app.tasks.synchronize.synchronize","logging_cid":"e36e5eea7274468ebb11d185949f805c","started_at":"2021-10-06T08:38:43.273450Z","finished_at":null,"error":null,"worker":"/pulp/api/v3/workers/f51806a9-44e6-480c-b26f-696a2d4b9499/","parent_task":null,"child_tasks":[],"task_group":null,"progress_reports":[{"message":"Downloading
        tag list","code":"sync.downloading.tag_list","state":"completed","total":1,"done":1,"suffix":null},{"message":"Downloading
        Artifacts","code":"sync.downloading.artifacts","state":"running","total":null,"done":23,"suffix":null},{"message":"Associating
        Content","code":"associating.content","state":"running","total":null,"done":2,"suffix":null},{"message":"Processing
        Tags","code":"sync.processing.tag","state":"completed","total":9,"done":9,"suffix":null}],"created_resources":[null],"reserved_resources_record":["/pulp/api/v3/repositories/container/container/339f9d6c-0653-4645-8aa5-d67157f868e8/","/pulp/api/v3/remotes/container/container/9aaf481e-dfab-4099-81d4-a254d84fba76/"]}'
    headers:
      Access-Control-Expose-Headers:
      - Correlation-ID
      Allow:
      - GET, PATCH, DELETE, HEAD, OPTIONS
      Connection:
      - close
      Content-Length:
      - '1165'
      Content-Type:
      - application/json
      Correlation-ID:
      - 0aa8001869264999bcd036ab59be346e
      Date:
      - Wed, 06 Oct 2021 08:38:47 GMT
      Referrer-Policy:
      - same-origin
      Server:
      - nginx/1.14.1
      Vary:
      - Accept, Cookie
      X-Content-Type-Options:
      - nosniff
      X-Frame-Options:
      - DENY
    status:
      code: 200
      message: OK
- request:
    body: null
    headers:
      Accept:
      - application/json
      Connection:
      - close
      Content-Type:
      - application/json
      Host:
      - localhost:8080
      User-Agent:
      - Python-urllib/3.6
    method: GET
    uri: http://pulp.example.org/pulp/api/v3/tasks/95346d2c-a07e-4c8c-a084-5c3a5e47c03f/
  response:
    body:
      string: '{"pulp_href":"/pulp/api/v3/tasks/95346d2c-a07e-4c8c-a084-5c3a5e47c03f/","pulp_created":"2021-10-06T08:38:43.232742Z","state":"running","name":"pulp_container.app.tasks.synchronize.synchronize","logging_cid":"e36e5eea7274468ebb11d185949f805c","started_at":"2021-10-06T08:38:43.273450Z","finished_at":null,"error":null,"worker":"/pulp/api/v3/workers/f51806a9-44e6-480c-b26f-696a2d4b9499/","parent_task":null,"child_tasks":[],"task_group":null,"progress_reports":[{"message":"Downloading
        tag list","code":"sync.downloading.tag_list","state":"completed","total":1,"done":1,"suffix":null},{"message":"Downloading
        Artifacts","code":"sync.downloading.artifacts","state":"running","total":null,"done":41,"suffix":null},{"message":"Associating
        Content","code":"associating.content","state":"running","total":null,"done":2,"suffix":null},{"message":"Processing
        Tags","code":"sync.processing.tag","state":"completed","total":9,"done":9,"suffix":null}],"created_resources":[null],"reserved_resources_record":["/pulp/api/v3/repositories/container/container/339f9d6c-0653-4645-8aa5-d67157f868e8/","/pulp/api/v3/remotes/container/container/9aaf481e-dfab-4099-81d4-a254d84fba76/"]}'
    headers:
      Access-Control-Expose-Headers:
      - Correlation-ID
      Allow:
      - GET, PATCH, DELETE, HEAD, OPTIONS
      Connection:
      - close
      Content-Length:
      - '1165'
      Content-Type:
      - application/json
      Correlation-ID:
      - 9f99666868ab466aa0e17c76324c6465
      Date:
      - Wed, 06 Oct 2021 08:38:50 GMT
      Referrer-Policy:
      - same-origin
      Server:
      - nginx/1.14.1
      Vary:
      - Accept, Cookie
      X-Content-Type-Options:
      - nosniff
      X-Frame-Options:
      - DENY
    status:
      code: 200
      message: OK
- request:
    body: null
    headers:
      Accept:
      - application/json
      Connection:
      - close
      Content-Type:
      - application/json
      Host:
      - localhost:8080
      User-Agent:
      - Python-urllib/3.6
    method: GET
    uri: http://pulp.example.org/pulp/api/v3/tasks/95346d2c-a07e-4c8c-a084-5c3a5e47c03f/
  response:
    body:
      string: '{"pulp_href":"/pulp/api/v3/tasks/95346d2c-a07e-4c8c-a084-5c3a5e47c03f/","pulp_created":"2021-10-06T08:38:43.232742Z","state":"completed","name":"pulp_container.app.tasks.synchronize.synchronize","logging_cid":"e36e5eea7274468ebb11d185949f805c","started_at":"2021-10-06T08:38:43.273450Z","finished_at":"2021-10-06T08:38:51.547833Z","error":null,"worker":"/pulp/api/v3/workers/f51806a9-44e6-480c-b26f-696a2d4b9499/","parent_task":null,"child_tasks":[],"task_group":null,"progress_reports":[{"message":"Downloading
        tag list","code":"sync.downloading.tag_list","state":"completed","total":1,"done":1,"suffix":null},{"message":"Downloading
        Artifacts","code":"sync.downloading.artifacts","state":"completed","total":null,"done":48,"suffix":null},{"message":"Associating
        Content","code":"associating.content","state":"completed","total":null,"done":19,"suffix":null},{"message":"Processing
        Tags","code":"sync.processing.tag","state":"completed","total":9,"done":9,"suffix":null}],"created_resources":[],"reserved_resources_record":["/pulp/api/v3/repositories/container/container/339f9d6c-0653-4645-8aa5-d67157f868e8/","/pulp/api/v3/remotes/container/container/9aaf481e-dfab-4099-81d4-a254d84fba76/"]}'
    headers:
      Access-Control-Expose-Headers:
      - Correlation-ID
      Allow:
      - GET, PATCH, DELETE, HEAD, OPTIONS
      Connection:
      - close
      Content-Length:
      - '1193'
      Content-Type:
      - application/json
      Correlation-ID:
      - 6d166eb787644dc3b670714eee31a22d
      Date:
      - Wed, 06 Oct 2021 08:38:52 GMT
      Referrer-Policy:
      - same-origin
      Server:
      - nginx/1.14.1
      Vary:
      - Accept, Cookie
      X-Content-Type-Options:
      - nosniff
      X-Frame-Options:
      - DENY
    status:
      code: 200
      message: OK
version: 1
