interactions:
- request:
    body: null
    headers:
      Accept:
      - application/json
      Content-Type:
      - application/json
      User-Agent:
      - OpenAPI-Generator/0.2.0/python
    method: GET
    uri: http://pulp.example.org/pulp/api/v3/distributions/file/file/?name=test_file_distribution&limit=1
  response:
    body:
      string: '{"count":1,"next":null,"previous":null,"results":[{"pulp_href":"/pulp/api/v3/distributions/file/file/e81a926e-3c37-4dd3-9450-cc027ee6eb8c/","pulp_created":"2020-06-28T12:56:34.840173Z","base_path":"test_file_base_path","base_url":"http://pulp3-sandbox-debian10.shu.example.com/pulp/content/test_file_base_path/","content_guard":null,"name":"test_file_distribution","publication":"/pulp/api/v3/publications/file/file/686ca9e4-fc5b-46ab-b6b5-ca53efb65c38/"}]}'
    headers:
      Allow:
      - GET, POST, HEAD, OPTIONS
      Connection:
      - keep-alive
      Content-Length:
      - '457'
      Content-Type:
      - application/json
      Date:
      - Sun, 28 Jun 2020 12:56:38 GMT
      Server:
      - nginx/1.14.2
      Vary:
      - Accept, Cookie
      X-Frame-Options:
      - SAMEORIGIN
    status:
      code: 200
      message: OK
- request:
    body: null
    headers:
      Accept:
      - application/json
      Content-Type:
      - application/json
      User-Agent:
      - OpenAPI-Generator/0.2.0/python
    method: DELETE
    uri: http://pulp.example.org/pulp/api/v3/distributions/file/file/e81a926e-3c37-4dd3-9450-cc027ee6eb8c/
  response:
    body:
      string: '{"task":"/pulp/api/v3/tasks/2f2b8377-75f8-4412-a512-5a696f7f4238/"}'
    headers:
      Allow:
      - GET, PUT, PATCH, DELETE, HEAD, OPTIONS
      Connection:
      - keep-alive
      Content-Length:
      - '67'
      Content-Type:
      - application/json
      Date:
      - Sun, 28 Jun 2020 12:56:38 GMT
      Server:
      - nginx/1.14.2
      Vary:
      - Accept, Cookie
      X-Frame-Options:
      - SAMEORIGIN
    status:
      code: 202
      message: Accepted
- request:
    body: null
    headers:
      Accept:
      - application/json
      Content-Type:
      - application/json
      User-Agent:
      - OpenAPI-Generator/3.2.1/python
    method: GET
    uri: http://pulp.example.org/pulp/api/v3/tasks/2f2b8377-75f8-4412-a512-5a696f7f4238/
  response:
    body:
      string: '{"pulp_href":"/pulp/api/v3/tasks/2f2b8377-75f8-4412-a512-5a696f7f4238/","pulp_created":"2020-06-28T12:56:38.232094Z","state":"completed","name":"pulpcore.app.tasks.base.general_delete","started_at":"2020-06-28T12:56:38.321480Z","finished_at":"2020-06-28T12:56:38.336240Z","error":null,"worker":"/pulp/api/v3/workers/8b341052-0432-46c3-80f4-34d4e92ac585/","parent_task":null,"child_tasks":[],"task_group":null,"progress_reports":[],"created_resources":[],"reserved_resources_record":["/api/v3/distributions/"]}'
    headers:
      Allow:
      - GET, PATCH, DELETE, HEAD, OPTIONS
      Connection:
      - keep-alive
      Content-Length:
      - '509'
      Content-Type:
      - application/json
      Date:
      - Sun, 28 Jun 2020 12:56:38 GMT
      Server:
      - nginx/1.14.2
      Vary:
      - Accept, Cookie
      X-Frame-Options:
      - SAMEORIGIN
    status:
      code: 200
      message: OK
version: 1
