interactions:
- request:
    body: null
    headers:
      Accept:
      - application/json
      Content-Type:
      - application/json
      User-Agent:
      - OpenAPI-Generator/0.2.0/python
    method: GET
    uri: http://pulp.example.org/pulp/api/v3/distributions/file/file/?name=test_file_distribution
  response:
    body:
      string: '{"count":0,"next":null,"previous":null,"results":[]}'
    headers:
      Allow:
      - GET, POST, HEAD, OPTIONS
      Connection:
      - keep-alive
      Content-Length:
      - '52'
      Content-Type:
      - application/json
      Date:
      - Sat, 27 Jun 2020 19:37:14 GMT
      Server:
      - nginx/1.14.2
      Vary:
      - Accept, Cookie
      X-Frame-Options:
      - SAMEORIGIN
    status:
      code: 200
      message: OK
- request:
    body: '{"base_path": "test_file_base_path", "name": "test_file_distribution",
      "publication": "/pulp/api/v3/publications/file/file/11e7af96-9943-46c5-80bb-4851e1844fe8/"}'
    headers:
      Accept:
      - application/json
      Content-Type:
      - application/json
      User-Agent:
      - OpenAPI-Generator/0.2.0/python
    method: POST
    uri: http://pulp.example.org/pulp/api/v3/distributions/file/file/
  response:
    body:
      string: '{"task":"/pulp/api/v3/tasks/e691c69b-83f1-48a9-9d74-2e8aafa7232b/"}'
    headers:
      Allow:
      - GET, POST, HEAD, OPTIONS
      Connection:
      - keep-alive
      Content-Length:
      - '67'
      Content-Type:
      - application/json
      Date:
      - Sat, 27 Jun 2020 19:37:14 GMT
      Server:
      - nginx/1.14.2
      Vary:
      - Accept, Cookie
      X-Frame-Options:
      - SAMEORIGIN
    status:
      code: 202
      message: Accepted
- request:
    body: null
    headers:
      Accept:
      - application/json
      Content-Type:
      - application/json
      User-Agent:
      - OpenAPI-Generator/3.2.1/python
    method: GET
    uri: http://pulp.example.org/pulp/api/v3/tasks/e691c69b-83f1-48a9-9d74-2e8aafa7232b/
  response:
    body:
      string: '{"pulp_href":"/pulp/api/v3/tasks/e691c69b-83f1-48a9-9d74-2e8aafa7232b/","pulp_created":"2020-06-27T19:37:14.752577Z","state":"running","name":"pulpcore.app.tasks.base.general_create","started_at":"2020-06-27T19:37:14.826527Z","finished_at":null,"error":null,"worker":"/pulp/api/v3/workers/c3729fc8-c87c-46ad-97de-a628e298af99/","parent_task":null,"child_tasks":[],"task_group":null,"progress_reports":[],"created_resources":[],"reserved_resources_record":["/api/v3/distributions/"]}'
    headers:
      Allow:
      - GET, PATCH, DELETE, HEAD, OPTIONS
      Connection:
      - keep-alive
      Content-Length:
      - '482'
      Content-Type:
      - application/json
      Date:
      - Sat, 27 Jun 2020 19:37:14 GMT
      Server:
      - nginx/1.14.2
      Vary:
      - Accept, Cookie
      X-Frame-Options:
      - SAMEORIGIN
    status:
      code: 200
      message: OK
- request:
    body: null
    headers:
      Accept:
      - application/json
      Content-Type:
      - application/json
      User-Agent:
      - OpenAPI-Generator/3.2.1/python
    method: GET
    uri: http://pulp.example.org/pulp/api/v3/tasks/e691c69b-83f1-48a9-9d74-2e8aafa7232b/
  response:
    body:
      string: '{"pulp_href":"/pulp/api/v3/tasks/e691c69b-83f1-48a9-9d74-2e8aafa7232b/","pulp_created":"2020-06-27T19:37:14.752577Z","state":"completed","name":"pulpcore.app.tasks.base.general_create","started_at":"2020-06-27T19:37:14.826527Z","finished_at":"2020-06-27T19:37:14.920010Z","error":null,"worker":"/pulp/api/v3/workers/c3729fc8-c87c-46ad-97de-a628e298af99/","parent_task":null,"child_tasks":[],"task_group":null,"progress_reports":[],"created_resources":["/pulp/api/v3/distributions/file/file/03241d08-bdfe-42f3-866b-5b760f1bfe5f/"],"reserved_resources_record":["/api/v3/distributions/"]}'
    headers:
      Allow:
      - GET, PATCH, DELETE, HEAD, OPTIONS
      Connection:
      - keep-alive
      Content-Length:
      - '585'
      Content-Type:
      - application/json
      Date:
      - Sat, 27 Jun 2020 19:37:16 GMT
      Server:
      - nginx/1.14.2
      Vary:
      - Accept, Cookie
      X-Frame-Options:
      - SAMEORIGIN
    status:
      code: 200
      message: OK
- request:
    body: null
    headers:
      Accept:
      - application/json
      Content-Type:
      - application/json
      User-Agent:
      - OpenAPI-Generator/0.2.0/python
    method: GET
    uri: http://pulp.example.org/pulp/api/v3/distributions/file/file/03241d08-bdfe-42f3-866b-5b760f1bfe5f/
  response:
    body:
      string: '{"pulp_href":"/pulp/api/v3/distributions/file/file/03241d08-bdfe-42f3-866b-5b760f1bfe5f/","pulp_created":"2020-06-27T19:37:14.908738Z","base_path":"test_file_base_path","base_url":"http://pulp3-sandbox-debian10.shu.example.com/pulp/content/test_file_base_path/","content_guard":null,"name":"test_file_distribution","publication":"/pulp/api/v3/publications/file/file/11e7af96-9943-46c5-80bb-4851e1844fe8/"}'
    headers:
      Allow:
      - GET, PUT, PATCH, DELETE, HEAD, OPTIONS
      Connection:
      - keep-alive
      Content-Length:
      - '405'
      Content-Type:
      - application/json
      Date:
      - Sat, 27 Jun 2020 19:37:17 GMT
      Server:
      - nginx/1.14.2
      Vary:
      - Accept, Cookie
      X-Frame-Options:
      - SAMEORIGIN
    status:
      code: 200
      message: OK
version: 1
