interactions:
- request:
    body: null
    headers:
      Accept:
      - application/json
      Connection:
      - close
      Content-Type:
      - application/json
      Host:
      - pulp3-sandbox-debian-testing
      User-Agent:
      - Python-urllib/3.9
    method: GET
    uri: https://pulp.example.org/pulp/api/v3/remotes/file/file/?limit=1&name=test_file_remote
  response:
    body:
      string: '{"count":1,"next":null,"previous":null,"results":[{"pulp_href":"/pulp/api/v3/remotes/file/file/7ee4ce72-f486-4235-86d2-f1dd7fee5bbd/","pulp_created":"2021-07-22T17:20:26.815127Z","name":"test_file_remote","url":"https://example.org/file/PULP_MANIFEST","ca_cert":null,"client_cert":null,"tls_validation":false,"proxy_url":"http://proxy.int:3128","pulp_labels":{},"pulp_last_updated":"2021-07-22T17:20:29.826498Z","download_concurrency":null,"max_retries":null,"policy":"on_demand","total_timeout":null,"connect_timeout":null,"sock_connect_timeout":null,"sock_read_timeout":null,"headers":null,"rate_limit":null}]}'
    headers:
      Access-Control-Expose-Headers:
      - Correlation-ID
      Allow:
      - GET, POST, HEAD, OPTIONS
      Connection:
      - close
      Content-Length:
      - '612'
      Content-Type:
      - application/json
      Correlation-ID:
      - 5f93297f1c56416faae07c7637908439
      Date:
      - Thu, 22 Jul 2021 17:20:31 GMT
      Server:
      - nginx/1.18.0
      Strict-Transport-Security:
      - max-age=15768000
      Vary:
      - Accept, Cookie
      X-Frame-Options:
      - SAMEORIGIN
    status:
      code: 200
      message: OK
- request:
    body: null
    headers:
      Accept:
      - application/json
      Connection:
      - close
      Content-Type:
      - application/json
      Host:
      - pulp3-sandbox-debian-testing
      User-Agent:
      - Python-urllib/3.9
    method: DELETE
    uri: https://pulp.example.org/pulp/api/v3/remotes/file/file/7ee4ce72-f486-4235-86d2-f1dd7fee5bbd/
  response:
    body:
      string: '{"task":"/pulp/api/v3/tasks/9f51079a-d1cc-40d8-adab-1be51b119db5/"}'
    headers:
      Access-Control-Expose-Headers:
      - Correlation-ID
      Allow:
      - GET, PUT, PATCH, DELETE, HEAD, OPTIONS
      Connection:
      - close
      Content-Length:
      - '67'
      Content-Type:
      - application/json
      Correlation-ID:
      - ace4f9270d6247bcb62af0356faf3101
      Date:
      - Thu, 22 Jul 2021 17:20:31 GMT
      Server:
      - nginx/1.18.0
      Vary:
      - Accept, Cookie
      X-Frame-Options:
      - SAMEORIGIN
    status:
      code: 202
      message: Accepted
- request:
    body: null
    headers:
      Accept:
      - application/json
      Connection:
      - close
      Content-Type:
      - application/json
      Host:
      - pulp3-sandbox-debian-testing
      User-Agent:
      - Python-urllib/3.9
    method: GET
    uri: https://pulp.example.org/pulp/api/v3/tasks/9f51079a-d1cc-40d8-adab-1be51b119db5/
  response:
    body:
      string: '{"pulp_href":"/pulp/api/v3/tasks/9f51079a-d1cc-40d8-adab-1be51b119db5/","pulp_created":"2021-07-22T17:20:31.756009Z","state":"completed","name":"pulpcore.app.tasks.base.general_delete","logging_cid":"ace4f9270d6247bcb62af0356faf3101","started_at":"2021-07-22T17:20:31.805172Z","finished_at":"2021-07-22T17:20:31.839628Z","error":null,"worker":"/pulp/api/v3/workers/e8b6a08b-5182-4da7-acfb-751f966e1bb9/","parent_task":null,"child_tasks":[],"task_group":null,"progress_reports":[],"created_resources":[],"reserved_resources_record":["/pulp/api/v3/remotes/file/file/7ee4ce72-f486-4235-86d2-f1dd7fee5bbd/"]}'
    headers:
      Access-Control-Expose-Headers:
      - Correlation-ID
      Allow:
      - GET, PATCH, DELETE, HEAD, OPTIONS
      Connection:
      - close
      Content-Length:
      - '604'
      Content-Type:
      - application/json
      Correlation-ID:
      - ff8f8b3023004a7d93a766b3a5622687
      Date:
      - Thu, 22 Jul 2021 17:20:31 GMT
      Server:
      - nginx/1.18.0
      Strict-Transport-Security:
      - max-age=15768000
      Vary:
      - Accept, Cookie
      X-Frame-Options:
      - SAMEORIGIN
    status:
      code: 200
      message: OK
version: 1
