interactions:
- request:
    body: null
    headers:
      Accept:
      - application/json
      Content-Type:
      - application/json
      User-Agent:
      - OpenAPI-Generator/0.1.0b4/python
    method: GET
    uri: http://pulp3-sandbox-debian10/pulp/api/v3/remotes/file/file/?name=file_sync_test_file_remote
  response:
    body:
      string: '{"count":1,"next":null,"previous":null,"results":[{"pulp_href":"/pulp/api/v3/remotes/file/file/de2b2437-48c4-4868-b2c3-cca58d0c7e9b/","pulp_created":"2019-10-27T19:27:21.897159Z","name":"file_sync_test_file_remote","url":"https://repos.fedorapeople.org/pulp/pulp/fixtures/file/PULP_MANIFEST","ssl_ca_certificate":null,"ssl_client_certificate":null,"ssl_client_key":null,"ssl_validation":true,"proxy_url":null,"pulp_last_updated":"2019-10-27T19:27:21.897177Z","download_concurrency":20,"policy":"immediate"}]}'
    headers:
      Allow:
      - GET, POST, HEAD, OPTIONS
      Connection:
      - keep-alive
      Content-Length:
      - '508'
      Content-Type:
      - application/json
      Date:
      - Sun, 27 Oct 2019 19:27:22 GMT
      Server:
      - nginx/1.14.2
      Vary:
      - Accept, Cookie
      X-Frame-Options:
      - SAMEORIGIN
    status:
      code: 200
      message: OK
- request:
    body: null
    headers:
      Accept:
      - application/json
      Content-Type:
      - application/json
      User-Agent:
      - OpenAPI-Generator/3.0.0rc7/python
    method: GET
    uri: http://pulp3-sandbox-debian10/pulp/api/v3/repositories/?name=file_sync_test_repository
  response:
    body:
      string: '{"count":1,"next":null,"previous":null,"results":[{"pulp_href":"/pulp/api/v3/repositories/cd53217f-d4fa-4512-9e4c-55a1a37d483e/","pulp_created":"2019-10-27T19:27:21.125732Z","versions_href":"/pulp/api/v3/repositories/cd53217f-d4fa-4512-9e4c-55a1a37d483e/versions/","latest_version_href":null,"name":"file_sync_test_repository","plugin_managed":false,"description":null}]}'
    headers:
      Allow:
      - GET, POST, HEAD, OPTIONS
      Connection:
      - keep-alive
      Content-Length:
      - '371'
      Content-Type:
      - application/json
      Date:
      - Sun, 27 Oct 2019 19:27:22 GMT
      Server:
      - nginx/1.14.2
      Vary:
      - Accept, Cookie
      X-Frame-Options:
      - SAMEORIGIN
    status:
      code: 200
      message: OK
- request:
    body: '{"repository": "/pulp/api/v3/repositories/cd53217f-d4fa-4512-9e4c-55a1a37d483e/"}'
    headers:
      Accept:
      - application/json
      Content-Type:
      - application/json
      User-Agent:
      - OpenAPI-Generator/0.1.0b4/python
    method: POST
    uri: http://pulp3-sandbox-debian10/pulp/api/v3/remotes/file/file/de2b2437-48c4-4868-b2c3-cca58d0c7e9b/sync/
  response:
    body:
      string: '{"task":"/pulp/api/v3/tasks/5d644980-3025-4312-b069-6e74a64d6d03/"}'
    headers:
      Allow:
      - POST, OPTIONS
      Connection:
      - keep-alive
      Content-Length:
      - '67'
      Content-Type:
      - application/json
      Date:
      - Sun, 27 Oct 2019 19:27:22 GMT
      Server:
      - nginx/1.14.2
      Vary:
      - Accept, Cookie
      X-Frame-Options:
      - SAMEORIGIN
    status:
      code: 202
      message: Accepted
- request:
    body: null
    headers:
      Accept:
      - application/json
      Content-Type:
      - application/json
      User-Agent:
      - OpenAPI-Generator/3.0.0rc7/python
    method: GET
    uri: http://pulp3-sandbox-debian10/pulp/api/v3/tasks/5d644980-3025-4312-b069-6e74a64d6d03/
  response:
    body:
      string: '{"pulp_href":"/pulp/api/v3/tasks/5d644980-3025-4312-b069-6e74a64d6d03/","pulp_created":"2019-10-27T19:27:22.893741Z","state":"waiting","name":"pulp_file.app.tasks.synchronizing.synchronize","started_at":null,"finished_at":null,"error":null,"worker":null,"parent":null,"spawned_tasks":[],"progress_reports":[],"created_resources":[],"reserved_resources_record":["/pulp/api/v3/repositories/cd53217f-d4fa-4512-9e4c-55a1a37d483e/","/pulp/api/v3/remotes/file/file/de2b2437-48c4-4868-b2c3-cca58d0c7e9b/"]}'
    headers:
      Allow:
      - GET, PATCH, DELETE, HEAD, OPTIONS
      Connection:
      - keep-alive
      Content-Length:
      - '499'
      Content-Type:
      - application/json
      Date:
      - Sun, 27 Oct 2019 19:27:23 GMT
      Server:
      - nginx/1.14.2
      Vary:
      - Accept, Cookie
      X-Frame-Options:
      - SAMEORIGIN
    status:
      code: 200
      message: OK
- request:
    body: null
    headers:
      Accept:
      - application/json
      Content-Type:
      - application/json
      User-Agent:
      - OpenAPI-Generator/3.0.0rc7/python
    method: GET
    uri: http://pulp3-sandbox-debian10/pulp/api/v3/tasks/5d644980-3025-4312-b069-6e74a64d6d03/
  response:
    body:
      string: '{"pulp_href":"/pulp/api/v3/tasks/5d644980-3025-4312-b069-6e74a64d6d03/","pulp_created":"2019-10-27T19:27:22.893741Z","state":"completed","name":"pulp_file.app.tasks.synchronizing.synchronize","started_at":"2019-10-27T19:27:23.139166Z","finished_at":"2019-10-27T19:27:25.066876Z","error":null,"worker":"/pulp/api/v3/workers/2ae5044b-0082-4421-a11a-504c39750a7f/","parent":null,"spawned_tasks":[],"progress_reports":[{"message":"Downloading
        Metadata","code":"downloading.metadata","state":"completed","total":null,"done":1,"suffix":null},{"message":"Downloading
        Artifacts","code":"downloading.artifacts","state":"completed","total":null,"done":3,"suffix":null},{"message":"Associating
        Content","code":"associating.content","state":"completed","total":null,"done":3,"suffix":null},{"message":"Parsing
        Metadata Lines","code":"parsing.metadata","state":"completed","total":3,"done":3,"suffix":null}],"created_resources":["/pulp/api/v3/repositories/cd53217f-d4fa-4512-9e4c-55a1a37d483e/versions/1/"],"reserved_resources_record":["/pulp/api/v3/repositories/cd53217f-d4fa-4512-9e4c-55a1a37d483e/","/pulp/api/v3/remotes/file/file/de2b2437-48c4-4868-b2c3-cca58d0c7e9b/"]}'
    headers:
      Allow:
      - GET, PATCH, DELETE, HEAD, OPTIONS
      Connection:
      - keep-alive
      Content-Length:
      - '1161'
      Content-Type:
      - application/json
      Date:
      - Sun, 27 Oct 2019 19:27:25 GMT
      Server:
      - nginx/1.14.2
      Vary:
      - Accept, Cookie
      X-Frame-Options:
      - SAMEORIGIN
    status:
      code: 200
      message: OK
version: 1
