interactions:
- request:
    body: null
    headers:
      Accept:
      - application/json
      Connection:
      - close
      Content-Type:
      - application/json
      Host:
      - pulp3-sandbox-debian10
      User-Agent:
      - Python-urllib/3.8
    method: GET
    uri: http://pulp.example.org/pulp/api/v3/repositories/file/file/?limit=1&name=test_file_repository
  response:
    body:
      string: '{"count":1,"next":null,"previous":null,"results":[{"pulp_href":"/pulp/api/v3/repositories/file/file/ef42aa92-529d-4148-812d-e4d8983b2b0d/","pulp_created":"2020-08-19T09:53:00.895280Z","versions_href":"/pulp/api/v3/repositories/file/file/ef42aa92-529d-4148-812d-e4d8983b2b0d/versions/","latest_version_href":"/pulp/api/v3/repositories/file/file/ef42aa92-529d-4148-812d-e4d8983b2b0d/versions/1/","name":"test_file_repository","description":null,"remote":null}]}'
    headers:
      Allow:
      - GET, POST, HEAD, OPTIONS
      Connection:
      - close
      Content-Length:
      - '459'
      Content-Type:
      - application/json
      Date:
      - Wed, 19 Aug 2020 09:53:11 GMT
      Server:
      - nginx/1.14.2
      Vary:
      - Accept, Cookie
      X-Frame-Options:
      - SAMEORIGIN
    status:
      code: 200
      message: OK
- request:
    body: null
    headers:
      Accept:
      - application/json
      Connection:
      - close
      Content-Type:
      - application/json
      Host:
      - pulp3-sandbox-debian10
      User-Agent:
      - Python-urllib/3.8
    method: GET
    uri: http://pulp.example.org/pulp/api/v3/publications/file/file/?limit=1&repository_version=%2Fpulp%2Fapi%2Fv3%2Frepositories%2Ffile%2Ffile%2Fef42aa92-529d-4148-812d-e4d8983b2b0d%2Fversions%2F1%2F
  response:
    body:
      string: '{"count":0,"next":null,"previous":null,"results":[]}'
    headers:
      Allow:
      - GET, POST, HEAD, OPTIONS
      Connection:
      - close
      Content-Length:
      - '52'
      Content-Type:
      - application/json
      Date:
      - Wed, 19 Aug 2020 09:53:11 GMT
      Server:
      - nginx/1.14.2
      Vary:
      - Accept, Cookie
      X-Frame-Options:
      - SAMEORIGIN
    status:
      code: 200
      message: OK
- request:
    body: '{"repository_version": "/pulp/api/v3/repositories/file/file/ef42aa92-529d-4148-812d-e4d8983b2b0d/versions/1/",
      "manifest": "LISTING"}'
    headers:
      Accept:
      - application/json
      Connection:
      - close
      Content-Length:
      - 133
      Content-Type:
      - application/json
      Host:
      - pulp3-sandbox-debian10
      User-Agent:
      - Python-urllib/3.8
    method: POST
    uri: http://pulp.example.org/pulp/api/v3/publications/file/file/
  response:
    body:
      string: '{"task":"/pulp/api/v3/tasks/c400101e-23e6-4d33-9801-3256a413d81c/"}'
    headers:
      Allow:
      - GET, POST, HEAD, OPTIONS
      Connection:
      - close
      Content-Length:
      - '67'
      Content-Type:
      - application/json
      Date:
      - Wed, 19 Aug 2020 09:53:11 GMT
      Server:
      - nginx/1.14.2
      Vary:
      - Accept, Cookie
      X-Frame-Options:
      - SAMEORIGIN
    status:
      code: 202
      message: Accepted
- request:
    body: null
    headers:
      Accept:
      - application/json
      Connection:
      - close
      Content-Type:
      - application/json
      Host:
      - pulp3-sandbox-debian10
      User-Agent:
      - Python-urllib/3.8
    method: GET
    uri: http://pulp.example.org/pulp/api/v3/tasks/c400101e-23e6-4d33-9801-3256a413d81c/
  response:
    body:
      string: '{"pulp_href":"/pulp/api/v3/tasks/c400101e-23e6-4d33-9801-3256a413d81c/","pulp_created":"2020-08-19T09:53:11.422818Z","state":"running","name":"pulp_file.app.tasks.publishing.publish","started_at":"2020-08-19T09:53:11.510894Z","finished_at":null,"error":null,"worker":"/pulp/api/v3/workers/53ac9293-71b6-4ab9-9ee8-fadeadf3d5ea/","parent_task":null,"child_tasks":[],"task_group":null,"progress_reports":[],"created_resources":[null],"reserved_resources_record":["/pulp/api/v3/repositories/file/file/ef42aa92-529d-4148-812d-e4d8983b2b0d/"]}'
    headers:
      Allow:
      - GET, PATCH, DELETE, HEAD, OPTIONS
      Connection:
      - close
      Content-Length:
      - '537'
      Content-Type:
      - application/json
      Date:
      - Wed, 19 Aug 2020 09:53:11 GMT
      Server:
      - nginx/1.14.2
      Vary:
      - Accept, Cookie
      X-Frame-Options:
      - SAMEORIGIN
    status:
      code: 200
      message: OK
- request:
    body: null
    headers:
      Accept:
      - application/json
      Connection:
      - close
      Content-Type:
      - application/json
      Host:
      - pulp3-sandbox-debian10
      User-Agent:
      - Python-urllib/3.8
    method: GET
    uri: http://pulp.example.org/pulp/api/v3/tasks/c400101e-23e6-4d33-9801-3256a413d81c/
  response:
    body:
      string: '{"pulp_href":"/pulp/api/v3/tasks/c400101e-23e6-4d33-9801-3256a413d81c/","pulp_created":"2020-08-19T09:53:11.422818Z","state":"completed","name":"pulp_file.app.tasks.publishing.publish","started_at":"2020-08-19T09:53:11.510894Z","finished_at":"2020-08-19T09:53:11.569679Z","error":null,"worker":"/pulp/api/v3/workers/53ac9293-71b6-4ab9-9ee8-fadeadf3d5ea/","parent_task":null,"child_tasks":[],"task_group":null,"progress_reports":[],"created_resources":["/pulp/api/v3/publications/file/file/226be5be-703d-4e3a-87cf-a1de02b4d3e5/"],"reserved_resources_record":["/pulp/api/v3/repositories/file/file/ef42aa92-529d-4148-812d-e4d8983b2b0d/"]}'
    headers:
      Allow:
      - GET, PATCH, DELETE, HEAD, OPTIONS
      Connection:
      - close
      Content-Length:
      - '635'
      Content-Type:
      - application/json
      Date:
      - Wed, 19 Aug 2020 09:53:13 GMT
      Server:
      - nginx/1.14.2
      Vary:
      - Accept, Cookie
      X-Frame-Options:
      - SAMEORIGIN
    status:
      code: 200
      message: OK
- request:
    body: null
    headers:
      Accept:
      - application/json
      Connection:
      - close
      Content-Type:
      - application/json
      Host:
      - pulp3-sandbox-debian10
      User-Agent:
      - Python-urllib/3.8
    method: GET
    uri: http://pulp.example.org/pulp/api/v3/publications/file/file/226be5be-703d-4e3a-87cf-a1de02b4d3e5/
  response:
    body:
      string: '{"pulp_href":"/pulp/api/v3/publications/file/file/226be5be-703d-4e3a-87cf-a1de02b4d3e5/","pulp_created":"2020-08-19T09:53:11.539267Z","repository_version":"/pulp/api/v3/repositories/file/file/ef42aa92-529d-4148-812d-e4d8983b2b0d/versions/1/","repository":"/pulp/api/v3/repositories/file/file/ef42aa92-529d-4148-812d-e4d8983b2b0d/","distributions":[],"manifest":"PULP_MANIFEST"}'
    headers:
      Allow:
      - GET, DELETE, HEAD, OPTIONS
      Connection:
      - close
      Content-Length:
      - '377'
      Content-Type:
      - application/json
      Date:
      - Wed, 19 Aug 2020 09:53:13 GMT
      Server:
      - nginx/1.14.2
      Vary:
      - Accept, Cookie
      X-Frame-Options:
      - SAMEORIGIN
    status:
      code: 200
      message: OK
version: 1
