interactions:
- request:
    body: null
    headers:
      Accept:
      - application/json
      Accept-Encoding:
      - gzip, deflate
      Connection:
      - keep-alive
      User-Agent:
      - Squeezer/0.0.14-dev
    method: GET
    uri: http://pulp.example.org/pulp/api/v3/distributions/file/file/?name=test_file_distribution&offset=0&limit=1
  response:
    body:
      string: '{"count":1,"next":null,"previous":null,"results":[{"pulp_href":"/pulp/api/v3/distributions/file/file/33f1cbf6-08f2-4a16-ae54-88b0b7e0b69b/","pulp_created":"2022-12-08T13:28:17.992614Z","base_path":"test_file_base_path","base_url":"http://localhost:5001/pulp/content/test_file_base_path/","content_guard":"/pulp/api/v3/contentguards/certguard/x509/edd3f99d-08fd-44e1-a62b-a9de84c7a89c/","pulp_labels":{},"name":"test_file_distribution","repository":null,"publication":"/pulp/api/v3/publications/file/file/db70a59f-ffe6-4202-9b4c-6573bd84fda7/"}]}'
    headers:
      Access-Control-Expose-Headers:
      - Correlation-ID
      Allow:
      - GET, POST, HEAD, OPTIONS
      Connection:
      - keep-alive
      Content-Length:
      - '545'
      Content-Type:
      - application/json
      Correlation-ID:
      - 7e1cc66781f44e6f9747936204f6886c
      Date:
      - Thu, 08 Dec 2022 13:28:20 GMT
      Referrer-Policy:
      - same-origin
      Server:
      - nginx/1.14.1
      Vary:
      - Accept, Cookie
      X-Content-Type-Options:
      - nosniff
      X-Frame-Options:
      - DENY
    status:
      code: 200
      message: OK
- request:
    body: null
    headers:
      Accept:
      - application/json
      Accept-Encoding:
      - gzip, deflate
      Connection:
      - keep-alive
      Content-Length:
      - '0'
      Correlation-ID:
      - 7e1cc66781f44e6f9747936204f6886c
      User-Agent:
      - Squeezer/0.0.14-dev
    method: DELETE
    uri: http://pulp.example.org/pulp/api/v3/distributions/file/file/33f1cbf6-08f2-4a16-ae54-88b0b7e0b69b/
  response:
    body:
      string: '{"task":"/pulp/api/v3/tasks/237cc1af-c14b-4c03-9dfa-7a64df6a0ba3/"}'
    headers:
      Access-Control-Expose-Headers:
      - Correlation-ID
      Allow:
      - GET, PUT, PATCH, DELETE, HEAD, OPTIONS
      Connection:
      - keep-alive
      Content-Length:
      - '67'
      Content-Type:
      - application/json
      Correlation-ID:
      - 7e1cc66781f44e6f9747936204f6886c
      Date:
      - Thu, 08 Dec 2022 13:28:20 GMT
      Referrer-Policy:
      - same-origin
      Server:
      - nginx/1.14.1
      Vary:
      - Accept, Cookie
      X-Content-Type-Options:
      - nosniff
      X-Frame-Options:
      - DENY
    status:
      code: 202
      message: Accepted
- request:
    body: null
    headers:
      Accept:
      - application/json
      Accept-Encoding:
      - gzip, deflate
      Connection:
      - keep-alive
      Correlation-ID:
      - 7e1cc66781f44e6f9747936204f6886c
      User-Agent:
      - Squeezer/0.0.14-dev
    method: GET
    uri: http://pulp.example.org/pulp/api/v3/tasks/237cc1af-c14b-4c03-9dfa-7a64df6a0ba3/
  response:
    body:
      string: '{"pulp_href":"/pulp/api/v3/tasks/237cc1af-c14b-4c03-9dfa-7a64df6a0ba3/","pulp_created":"2022-12-08T13:28:20.890103Z","state":"completed","name":"pulpcore.app.tasks.base.general_delete","logging_cid":"7e1cc66781f44e6f9747936204f6886c","started_at":"2022-12-08T13:28:20.916381Z","finished_at":"2022-12-08T13:28:20.941807Z","error":null,"worker":"/pulp/api/v3/workers/1a7d67c5-c415-4995-b59d-d964c447b5e0/","parent_task":null,"child_tasks":[],"task_group":null,"progress_reports":[],"created_resources":[],"reserved_resources_record":["/api/v3/distributions/"]}'
    headers:
      Access-Control-Expose-Headers:
      - Correlation-ID
      Allow:
      - GET, PATCH, DELETE, HEAD, OPTIONS
      Connection:
      - keep-alive
      Content-Length:
      - '558'
      Content-Type:
      - application/json
      Correlation-ID:
      - 7e1cc66781f44e6f9747936204f6886c
      Date:
      - Thu, 08 Dec 2022 13:28:21 GMT
      Referrer-Policy:
      - same-origin
      Server:
      - nginx/1.14.1
      Vary:
      - Accept, Cookie
      X-Content-Type-Options:
      - nosniff
      X-Frame-Options:
      - DENY
    status:
      code: 200
      message: OK
version: 1
