interactions:
- request:
    body: null
    headers:
      Accept:
      - application/json
      Accept-Encoding:
      - gzip, deflate
      Connection:
      - keep-alive
      User-Agent:
      - Squeezer/0.0.14-dev
    method: GET
    uri: http://pulp.example.org/pulp/api/v3/remotes/file/file/?name=test_file_remote&offset=0&limit=1
  response:
    body:
      string: '{"count":1,"next":null,"previous":null,"results":[{"pulp_href":"/pulp/api/v3/remotes/file/file/310dd733-1c36-425e-a6fd-c865116f5879/","pulp_created":"2022-12-08T13:35:47.124540Z","name":"test_file_remote","url":"https://example.org/file/PULP_MANIFEST","ca_cert":null,"client_cert":null,"tls_validation":false,"proxy_url":"http://proxy.int:3128","pulp_labels":{},"pulp_last_updated":"2022-12-08T13:35:50.400130Z","download_concurrency":null,"max_retries":null,"policy":"on_demand","total_timeout":null,"connect_timeout":null,"sock_connect_timeout":null,"sock_read_timeout":null,"headers":null,"rate_limit":null,"hidden_fields":[{"name":"client_key","is_set":false},{"name":"proxy_username","is_set":false},{"name":"proxy_password","is_set":false},{"name":"username","is_set":false},{"name":"password","is_set":false}]}]}'
    headers:
      Access-Control-Expose-Headers:
      - Correlation-ID
      Allow:
      - GET, POST, HEAD, OPTIONS
      Connection:
      - keep-alive
      Content-Length:
      - '819'
      Content-Type:
      - application/json
      Correlation-ID:
      - 1ce5af036f204d1a9edbe943c8f5f73b
      Date:
      - Thu, 08 Dec 2022 13:35:52 GMT
      Referrer-Policy:
      - same-origin
      Server:
      - nginx/1.14.1
      Vary:
      - Accept, Cookie
      X-Content-Type-Options:
      - nosniff
      X-Frame-Options:
      - DENY
    status:
      code: 200
      message: OK
- request:
    body: null
    headers:
      Accept:
      - application/json
      Accept-Encoding:
      - gzip, deflate
      Connection:
      - keep-alive
      Content-Length:
      - '0'
      Correlation-ID:
      - 1ce5af036f204d1a9edbe943c8f5f73b
      User-Agent:
      - Squeezer/0.0.14-dev
    method: DELETE
    uri: http://pulp.example.org/pulp/api/v3/remotes/file/file/310dd733-1c36-425e-a6fd-c865116f5879/
  response:
    body:
      string: '{"task":"/pulp/api/v3/tasks/8059b26d-9e83-43a7-ad02-491d408d8390/"}'
    headers:
      Access-Control-Expose-Headers:
      - Correlation-ID
      Allow:
      - GET, PUT, PATCH, DELETE, HEAD, OPTIONS
      Connection:
      - keep-alive
      Content-Length:
      - '67'
      Content-Type:
      - application/json
      Correlation-ID:
      - 1ce5af036f204d1a9edbe943c8f5f73b
      Date:
      - Thu, 08 Dec 2022 13:35:52 GMT
      Referrer-Policy:
      - same-origin
      Server:
      - nginx/1.14.1
      Vary:
      - Accept, Cookie
      X-Content-Type-Options:
      - nosniff
      X-Frame-Options:
      - DENY
    status:
      code: 202
      message: Accepted
- request:
    body: null
    headers:
      Accept:
      - application/json
      Accept-Encoding:
      - gzip, deflate
      Connection:
      - keep-alive
      Correlation-ID:
      - 1ce5af036f204d1a9edbe943c8f5f73b
      User-Agent:
      - Squeezer/0.0.14-dev
    method: GET
    uri: http://pulp.example.org/pulp/api/v3/tasks/8059b26d-9e83-43a7-ad02-491d408d8390/
  response:
    body:
      string: '{"pulp_href":"/pulp/api/v3/tasks/8059b26d-9e83-43a7-ad02-491d408d8390/","pulp_created":"2022-12-08T13:35:52.748749Z","state":"completed","name":"pulpcore.app.tasks.base.general_delete","logging_cid":"1ce5af036f204d1a9edbe943c8f5f73b","started_at":"2022-12-08T13:35:52.774290Z","finished_at":"2022-12-08T13:35:52.805120Z","error":null,"worker":"/pulp/api/v3/workers/9f3060a6-fe8c-4f5f-8d60-0da5bf318aba/","parent_task":null,"child_tasks":[],"task_group":null,"progress_reports":[],"created_resources":[],"reserved_resources_record":["/pulp/api/v3/remotes/file/file/310dd733-1c36-425e-a6fd-c865116f5879/"]}'
    headers:
      Access-Control-Expose-Headers:
      - Correlation-ID
      Allow:
      - GET, PATCH, DELETE, HEAD, OPTIONS
      Connection:
      - keep-alive
      Content-Length:
      - '604'
      Content-Type:
      - application/json
      Correlation-ID:
      - 1ce5af036f204d1a9edbe943c8f5f73b
      Date:
      - Thu, 08 Dec 2022 13:35:52 GMT
      Referrer-Policy:
      - same-origin
      Server:
      - nginx/1.14.1
      Vary:
      - Accept, Cookie
      X-Content-Type-Options:
      - nosniff
      X-Frame-Options:
      - DENY
    status:
      code: 200
      message: OK
version: 1
