interactions:
- request:
    body: null
    headers:
      Accept:
      - application/json
      Connection:
      - close
      Content-Type:
      - application/json
      Host:
      - pulp3-sandbox-debian10
      User-Agent:
      - Python-urllib/3.8
    method: GET
    uri: http://pulp.example.org/pulp/api/v3/repositories/file/file/?limit=1&name=test_file_repository
  response:
    body:
      string: '{"count":1,"next":null,"previous":null,"results":[{"pulp_href":"/pulp/api/v3/repositories/file/file/5d262ced-64e9-446d-a5fd-ec5b2a264b45/","pulp_created":"2020-07-21T08:56:18.364893Z","versions_href":"/pulp/api/v3/repositories/file/file/5d262ced-64e9-446d-a5fd-ec5b2a264b45/versions/","latest_version_href":"/pulp/api/v3/repositories/file/file/5d262ced-64e9-446d-a5fd-ec5b2a264b45/versions/1/","name":"test_file_repository","description":null}]}'
    headers:
      Allow:
      - GET, POST, HEAD, OPTIONS
      Connection:
      - close
      Content-Length:
      - '445'
      Content-Type:
      - application/json
      Date:
      - Tue, 21 Jul 2020 08:56:29 GMT
      Server:
      - nginx/1.14.2
      Vary:
      - Accept, Cookie
      X-Frame-Options:
      - SAMEORIGIN
    status:
      code: 200
      message: OK
- request:
    body: null
    headers:
      Accept:
      - application/json
      Connection:
      - close
      Content-Type:
      - application/json
      Host:
      - pulp3-sandbox-debian10
      User-Agent:
      - Python-urllib/3.8
    method: GET
    uri: http://pulp.example.org/pulp/api/v3/publications/file/file/?limit=1&repository_version=%2Fpulp%2Fapi%2Fv3%2Frepositories%2Ffile%2Ffile%2F5d262ced-64e9-446d-a5fd-ec5b2a264b45%2Fversions%2F1%2F
  response:
    body:
      string: '{"count":0,"next":null,"previous":null,"results":[]}'
    headers:
      Allow:
      - GET, POST, HEAD, OPTIONS
      Connection:
      - close
      Content-Length:
      - '52'
      Content-Type:
      - application/json
      Date:
      - Tue, 21 Jul 2020 08:56:29 GMT
      Server:
      - nginx/1.14.2
      Vary:
      - Accept, Cookie
      X-Frame-Options:
      - SAMEORIGIN
    status:
      code: 200
      message: OK
- request:
    body: '{"repository_version": "/pulp/api/v3/repositories/file/file/5d262ced-64e9-446d-a5fd-ec5b2a264b45/versions/1/",
      "manifest": "LISTING"}'
    headers:
      Accept:
      - application/json
      Connection:
      - close
      Content-Length:
      - 133
      Content-Type:
      - application/json
      Host:
      - pulp3-sandbox-debian10
      User-Agent:
      - Python-urllib/3.8
    method: POST
    uri: http://pulp.example.org/pulp/api/v3/publications/file/file/
  response:
    body:
      string: '{"task":"/pulp/api/v3/tasks/d492c606-765d-41d9-b38e-aee5a9fc0388/"}'
    headers:
      Allow:
      - GET, POST, HEAD, OPTIONS
      Connection:
      - close
      Content-Length:
      - '67'
      Content-Type:
      - application/json
      Date:
      - Tue, 21 Jul 2020 08:56:29 GMT
      Server:
      - nginx/1.14.2
      Vary:
      - Accept, Cookie
      X-Frame-Options:
      - SAMEORIGIN
    status:
      code: 202
      message: Accepted
- request:
    body: null
    headers:
      Accept:
      - application/json
      Connection:
      - close
      Content-Type:
      - application/json
      Host:
      - pulp3-sandbox-debian10
      User-Agent:
      - Python-urllib/3.8
    method: GET
    uri: http://pulp.example.org/pulp/api/v3/tasks/d492c606-765d-41d9-b38e-aee5a9fc0388/
  response:
    body:
      string: '{"pulp_href":"/pulp/api/v3/tasks/d492c606-765d-41d9-b38e-aee5a9fc0388/","pulp_created":"2020-07-21T08:56:29.631408Z","state":"completed","name":"pulp_file.app.tasks.publishing.publish","started_at":"2020-07-21T08:56:29.737238Z","finished_at":"2020-07-21T08:56:29.788667Z","error":null,"worker":"/pulp/api/v3/workers/6b93f805-57ad-46f2-ab12-d9bd4001b547/","parent_task":null,"child_tasks":[],"task_group":null,"progress_reports":[],"created_resources":["/pulp/api/v3/publications/file/file/526fdb6d-bbe1-4b51-91c6-7a81acd6be48/"],"reserved_resources_record":["/pulp/api/v3/repositories/file/file/5d262ced-64e9-446d-a5fd-ec5b2a264b45/"]}'
    headers:
      Allow:
      - GET, PATCH, DELETE, HEAD, OPTIONS
      Connection:
      - close
      Content-Length:
      - '635'
      Content-Type:
      - application/json
      Date:
      - Tue, 21 Jul 2020 08:56:29 GMT
      Server:
      - nginx/1.14.2
      Vary:
      - Accept, Cookie
      X-Frame-Options:
      - SAMEORIGIN
    status:
      code: 200
      message: OK
- request:
    body: null
    headers:
      Accept:
      - application/json
      Connection:
      - close
      Content-Type:
      - application/json
      Host:
      - pulp3-sandbox-debian10
      User-Agent:
      - Python-urllib/3.8
    method: GET
    uri: http://pulp.example.org/pulp/api/v3/publications/file/file/526fdb6d-bbe1-4b51-91c6-7a81acd6be48/
  response:
    body:
      string: '{"pulp_href":"/pulp/api/v3/publications/file/file/526fdb6d-bbe1-4b51-91c6-7a81acd6be48/","pulp_created":"2020-07-21T08:56:29.752447Z","repository_version":"/pulp/api/v3/repositories/file/file/5d262ced-64e9-446d-a5fd-ec5b2a264b45/versions/1/","repository":"/pulp/api/v3/repositories/file/file/5d262ced-64e9-446d-a5fd-ec5b2a264b45/","distributions":[],"manifest":"PULP_MANIFEST"}'
    headers:
      Allow:
      - GET, DELETE, HEAD, OPTIONS
      Connection:
      - close
      Content-Length:
      - '377'
      Content-Type:
      - application/json
      Date:
      - Tue, 21 Jul 2020 08:56:29 GMT
      Server:
      - nginx/1.14.2
      Vary:
      - Accept, Cookie
      X-Frame-Options:
      - SAMEORIGIN
    status:
      code: 200
      message: OK
version: 1
