interactions:
- request:
    body: null
    headers:
      Accept:
      - application/json
      Connection:
      - close
      Content-Type:
      - application/json
      Host:
      - localhost:8080
      User-Agent:
      - Python-urllib/3.8
    method: GET
    uri: http://pulp.example.org/pulp/api/v3/distributions/python/pypi/?limit=1&name=test_python_distribution_pull_through
  response:
    body:
      string: '{"count":1,"next":null,"previous":null,"results":[{"pulp_href":"/pulp/api/v3/distributions/python/pypi/9bd49119-be59-490b-80bb-01d6195d8597/","pulp_created":"2022-07-13T15:35:01.225881Z","base_path":"pull_through_mirror","base_url":"https://91ef7b9822f3/pypi/pull_through_mirror/","content_guard":null,"pulp_labels":{},"name":"test_python_distribution_pull_through","repository":null,"publication":null,"allow_uploads":true,"remote":"/pulp/api/v3/remotes/python/python/275f3f5a-6d85-4453-adfa-43c1e9123caa/"}]}'
    headers:
      Access-Control-Expose-Headers:
      - Correlation-ID
      Allow:
      - GET, POST, HEAD, OPTIONS
      Connection:
      - close
      Content-Length:
      - '510'
      Content-Type:
      - application/json
      Correlation-ID:
      - 3f54c6931cf64612829e775b10fe9620
      Date:
      - Wed, 13 Jul 2022 15:35:04 GMT
      Referrer-Policy:
      - same-origin
      Server:
      - nginx/1.14.1
      Vary:
      - Accept, Cookie
      X-Content-Type-Options:
      - nosniff
      X-Frame-Options:
      - DENY
    status:
      code: 200
      message: OK
- request:
    body: '{"remote": null}'
    headers:
      Accept:
      - application/json
      Connection:
      - close
      Content-Length:
      - 16
      Content-Type:
      - application/json
      Host:
      - localhost:8080
      User-Agent:
      - Python-urllib/3.8
    method: PATCH
    uri: http://pulp.example.org/pulp/api/v3/distributions/python/pypi/9bd49119-be59-490b-80bb-01d6195d8597/
  response:
    body:
      string: '{"task":"/pulp/api/v3/tasks/da03fb63-63c2-43dc-a36c-d2bd277fb365/"}'
    headers:
      Access-Control-Expose-Headers:
      - Correlation-ID
      Allow:
      - GET, PUT, PATCH, DELETE, HEAD, OPTIONS
      Connection:
      - close
      Content-Length:
      - '67'
      Content-Type:
      - application/json
      Correlation-ID:
      - 7f4733e3aaf141598293b97ef0e5371d
      Date:
      - Wed, 13 Jul 2022 15:35:04 GMT
      Referrer-Policy:
      - same-origin
      Server:
      - nginx/1.14.1
      Vary:
      - Accept, Cookie
      X-Content-Type-Options:
      - nosniff
      X-Frame-Options:
      - DENY
    status:
      code: 202
      message: Accepted
- request:
    body: null
    headers:
      Accept:
      - application/json
      Connection:
      - close
      Content-Type:
      - application/json
      Host:
      - localhost:8080
      User-Agent:
      - Python-urllib/3.8
    method: GET
    uri: http://pulp.example.org/pulp/api/v3/tasks/da03fb63-63c2-43dc-a36c-d2bd277fb365/
  response:
    body:
      string: '{"pulp_href":"/pulp/api/v3/tasks/da03fb63-63c2-43dc-a36c-d2bd277fb365/","pulp_created":"2022-07-13T15:35:04.248823Z","state":"completed","name":"pulpcore.app.tasks.base.general_update","logging_cid":"7f4733e3aaf141598293b97ef0e5371d","started_at":"2022-07-13T15:35:04.261728Z","finished_at":"2022-07-13T15:35:04.273095Z","error":null,"worker":"/pulp/api/v3/workers/10d2484b-ccf3-40ee-98c8-1c3b9d608da6/","parent_task":null,"child_tasks":[],"task_group":null,"progress_reports":[],"created_resources":[],"reserved_resources_record":["/api/v3/distributions/"]}'
    headers:
      Access-Control-Expose-Headers:
      - Correlation-ID
      Allow:
      - GET, PATCH, DELETE, HEAD, OPTIONS
      Connection:
      - close
      Content-Length:
      - '558'
      Content-Type:
      - application/json
      Correlation-ID:
      - d859c9fe6e834f78b23b0708e745a211
      Date:
      - Wed, 13 Jul 2022 15:35:04 GMT
      Referrer-Policy:
      - same-origin
      Server:
      - nginx/1.14.1
      Vary:
      - Accept, Cookie
      X-Content-Type-Options:
      - nosniff
      X-Frame-Options:
      - DENY
    status:
      code: 200
      message: OK
- request:
    body: null
    headers:
      Accept:
      - application/json
      Connection:
      - close
      Content-Type:
      - application/json
      Host:
      - localhost:8080
      User-Agent:
      - Python-urllib/3.8
    method: GET
    uri: http://pulp.example.org/pulp/api/v3/distributions/python/pypi/9bd49119-be59-490b-80bb-01d6195d8597/
  response:
    body:
      string: '{"pulp_href":"/pulp/api/v3/distributions/python/pypi/9bd49119-be59-490b-80bb-01d6195d8597/","pulp_created":"2022-07-13T15:35:01.225881Z","base_path":"pull_through_mirror","base_url":"https://91ef7b9822f3/pypi/pull_through_mirror/","content_guard":null,"pulp_labels":{},"name":"test_python_distribution_pull_through","repository":null,"publication":null,"allow_uploads":true,"remote":null}'
    headers:
      Access-Control-Expose-Headers:
      - Correlation-ID
      Allow:
      - GET, PUT, PATCH, DELETE, HEAD, OPTIONS
      Connection:
      - close
      Content-Length:
      - '388'
      Content-Type:
      - application/json
      Correlation-ID:
      - 8ac225a7cb8743edbe6add0b569c38a9
      Date:
      - Wed, 13 Jul 2022 15:35:04 GMT
      Referrer-Policy:
      - same-origin
      Server:
      - nginx/1.14.1
      Vary:
      - Accept, Cookie
      X-Content-Type-Options:
      - nosniff
      X-Frame-Options:
      - DENY
    status:
      code: 200
      message: OK
version: 1
