interactions:
- request:
    body: null
    headers:
      Accept:
      - application/json
      Accept-Encoding:
      - gzip, deflate
      Connection:
      - keep-alive
      User-Agent:
      - Squeezer/0.0.14-dev
    method: GET
    uri: http://pulp.example.org/pulp/api/v3/distributions/python/pypi/?name=test_python_distribution_pull_through&offset=0&limit=1
  response:
    body:
      string: '{"count":1,"next":null,"previous":null,"results":[{"pulp_href":"/pulp/api/v3/distributions/python/pypi/b6be8cb8-0c5e-4cb7-a7d6-6ba3116f0549/","pulp_created":"2023-05-22T15:31:11.893783Z","base_path":"pull_through_mirror","base_url":"https://5a298c727327/pypi/pull_through_mirror/","content_guard":null,"pulp_labels":{},"name":"test_python_distribution_pull_through","repository":null,"publication":null,"allow_uploads":true,"remote":"/pulp/api/v3/remotes/python/python/05479ad8-ddeb-48cd-8dde-5745415995e4/"}]}'
    headers:
      Access-Control-Expose-Headers:
      - Correlation-ID
      Allow:
      - GET, POST, HEAD, OPTIONS
      Connection:
      - keep-alive
      Content-Length:
      - '510'
      Content-Type:
      - application/json
      Correlation-ID:
      - 69e1ffec44534d6fbb1a3375382ae86e
      Date:
      - Mon, 22 May 2023 15:31:14 GMT
      Referrer-Policy:
      - same-origin
      Server:
      - nginx/1.14.1
      Vary:
      - Accept
      X-Content-Type-Options:
      - nosniff
      X-Frame-Options:
      - DENY
    status:
      code: 200
      message: OK
- request:
    body: '{"remote": null}'
    headers:
      Accept:
      - application/json
      Accept-Encoding:
      - gzip, deflate
      Connection:
      - keep-alive
      Content-Length:
      - '16'
      Content-Type:
      - application/json
      Correlation-ID:
      - 69e1ffec44534d6fbb1a3375382ae86e
      User-Agent:
      - Squeezer/0.0.14-dev
    method: PATCH
    uri: http://pulp.example.org/pulp/api/v3/distributions/python/pypi/b6be8cb8-0c5e-4cb7-a7d6-6ba3116f0549/
  response:
    body:
      string: '{"task":"/pulp/api/v3/tasks/06a3ddc9-bc16-45a7-9501-5a6f7be8b731/"}'
    headers:
      Access-Control-Expose-Headers:
      - Correlation-ID
      Allow:
      - GET, PUT, PATCH, DELETE, HEAD, OPTIONS
      Connection:
      - keep-alive
      Content-Length:
      - '67'
      Content-Type:
      - application/json
      Correlation-ID:
      - 69e1ffec44534d6fbb1a3375382ae86e
      Date:
      - Mon, 22 May 2023 15:31:15 GMT
      Referrer-Policy:
      - same-origin
      Server:
      - nginx/1.14.1
      Vary:
      - Accept
      X-Content-Type-Options:
      - nosniff
      X-Frame-Options:
      - DENY
    status:
      code: 202
      message: Accepted
- request:
    body: null
    headers:
      Accept:
      - application/json
      Accept-Encoding:
      - gzip, deflate
      Connection:
      - keep-alive
      Correlation-ID:
      - 69e1ffec44534d6fbb1a3375382ae86e
      User-Agent:
      - Squeezer/0.0.14-dev
    method: GET
    uri: http://pulp.example.org/pulp/api/v3/tasks/06a3ddc9-bc16-45a7-9501-5a6f7be8b731/
  response:
    body:
      string: '{"pulp_href":"/pulp/api/v3/tasks/06a3ddc9-bc16-45a7-9501-5a6f7be8b731/","pulp_created":"2023-05-22T15:31:15.071824Z","state":"completed","name":"pulpcore.app.tasks.base.general_update","logging_cid":"69e1ffec44534d6fbb1a3375382ae86e","started_at":"2023-05-22T15:31:15.079213Z","finished_at":"2023-05-22T15:31:15.083845Z","error":null,"worker":null,"parent_task":null,"child_tasks":[],"task_group":null,"progress_reports":[],"created_resources":[],"reserved_resources_record":["/api/v3/distributions/"]}'
    headers:
      Access-Control-Expose-Headers:
      - Correlation-ID
      Allow:
      - GET, PATCH, DELETE, HEAD, OPTIONS
      Connection:
      - keep-alive
      Content-Length:
      - '502'
      Content-Type:
      - application/json
      Correlation-ID:
      - 69e1ffec44534d6fbb1a3375382ae86e
      Date:
      - Mon, 22 May 2023 15:31:15 GMT
      Referrer-Policy:
      - same-origin
      Server:
      - nginx/1.14.1
      Vary:
      - Accept
      X-Content-Type-Options:
      - nosniff
      X-Frame-Options:
      - DENY
    status:
      code: 200
      message: OK
- request:
    body: null
    headers:
      Accept:
      - application/json
      Accept-Encoding:
      - gzip, deflate
      Connection:
      - keep-alive
      Correlation-ID:
      - 69e1ffec44534d6fbb1a3375382ae86e
      User-Agent:
      - Squeezer/0.0.14-dev
    method: GET
    uri: http://pulp.example.org/pulp/api/v3/distributions/python/pypi/b6be8cb8-0c5e-4cb7-a7d6-6ba3116f0549/
  response:
    body:
      string: '{"pulp_href":"/pulp/api/v3/distributions/python/pypi/b6be8cb8-0c5e-4cb7-a7d6-6ba3116f0549/","pulp_created":"2023-05-22T15:31:11.893783Z","base_path":"pull_through_mirror","base_url":"https://5a298c727327/pypi/pull_through_mirror/","content_guard":null,"pulp_labels":{},"name":"test_python_distribution_pull_through","repository":null,"publication":null,"allow_uploads":true,"remote":null}'
    headers:
      Access-Control-Expose-Headers:
      - Correlation-ID
      Allow:
      - GET, PUT, PATCH, DELETE, HEAD, OPTIONS
      Connection:
      - keep-alive
      Content-Length:
      - '388'
      Content-Type:
      - application/json
      Correlation-ID:
      - 69e1ffec44534d6fbb1a3375382ae86e
      Date:
      - Mon, 22 May 2023 15:31:15 GMT
      Referrer-Policy:
      - same-origin
      Server:
      - nginx/1.14.1
      Vary:
      - Accept
      X-Content-Type-Options:
      - nosniff
      X-Frame-Options:
      - DENY
    status:
      code: 200
      message: OK
version: 1
