interactions:
- request:
    body: null
    headers:
      Accept:
      - application/json
      Connection:
      - close
      Content-Type:
      - application/json
      Host:
      - pulp3-sandbox-debian10
      User-Agent:
      - Python-urllib/3.8
    method: GET
    uri: http://pulp.example.org/pulp/api/v3/remotes/python/python/?limit=1&name=test_python_remote
  response:
    body:
      string: '{"count":1,"next":null,"previous":null,"results":[{"pulp_href":"/pulp/api/v3/remotes/python/python/e7111a29-06ed-4842-8a90-b52b7fc540ea/","pulp_created":"2020-08-17T08:39:16.107376Z","name":"test_python_remote","url":"https://pypi.org/","ca_cert":null,"client_cert":null,"client_key":null,"tls_validation":true,"proxy_url":"http://proxy.int:3128","username":null,"password":null,"pulp_last_updated":"2020-08-17T08:39:16.107386Z","download_concurrency":20,"policy":"immediate","includes":[],"excludes":[],"prereleases":false}]}'
    headers:
      Allow:
      - GET, POST, HEAD, OPTIONS
      Connection:
      - close
      Content-Length:
      - '526'
      Content-Type:
      - application/json
      Date:
      - Mon, 17 Aug 2020 08:39:16 GMT
      Server:
      - nginx/1.14.2
      Vary:
      - Accept, Cookie
      X-Frame-Options:
      - SAMEORIGIN
    status:
      code: 200
      message: OK
- request:
    body: '{"pulp_href": "/pulp/api/v3/remotes/python/python/e7111a29-06ed-4842-8a90-b52b7fc540ea/",
      "pulp_created": "2020-08-17T08:39:16.107376Z", "name": "test_python_remote",
      "url": "https://pypi.org/", "ca_cert": null, "client_cert": null, "client_key":
      null, "tls_validation": false, "proxy_url": "http://proxy.int:3128", "username":
      null, "password": null, "pulp_last_updated": "2020-08-17T08:39:16.107386Z",
      "download_concurrency": 20, "policy": "on_demand", "includes": [{"name": "aaaa",
      "version_specifier": ""}, {"name": "bbbb", "version_specifier": ">=0.1"}], "excludes":
      [{"name": "cccc", "version_specifier": ""}], "prereleases": true}'
    headers:
      Accept:
      - application/json
      Connection:
      - close
      Content-Length:
      - 637
      Content-Type:
      - application/json
      Host:
      - pulp3-sandbox-debian10
      User-Agent:
      - Python-urllib/3.8
    method: PUT
    uri: http://pulp.example.org/pulp/api/v3/remotes/python/python/e7111a29-06ed-4842-8a90-b52b7fc540ea/
  response:
    body:
      string: '{"task":"/pulp/api/v3/tasks/a19a4003-d964-429b-9626-8fb1f4856ada/"}'
    headers:
      Allow:
      - GET, PUT, PATCH, DELETE, HEAD, OPTIONS
      Connection:
      - close
      Content-Length:
      - '67'
      Content-Type:
      - application/json
      Date:
      - Mon, 17 Aug 2020 08:39:17 GMT
      Server:
      - nginx/1.14.2
      Vary:
      - Accept, Cookie
      X-Frame-Options:
      - SAMEORIGIN
    status:
      code: 202
      message: Accepted
- request:
    body: null
    headers:
      Accept:
      - application/json
      Connection:
      - close
      Content-Type:
      - application/json
      Host:
      - pulp3-sandbox-debian10
      User-Agent:
      - Python-urllib/3.8
    method: GET
    uri: http://pulp.example.org/pulp/api/v3/tasks/a19a4003-d964-429b-9626-8fb1f4856ada/
  response:
    body:
      string: '{"pulp_href":"/pulp/api/v3/tasks/a19a4003-d964-429b-9626-8fb1f4856ada/","pulp_created":"2020-08-17T08:39:17.021230Z","state":"completed","name":"pulpcore.app.tasks.base.general_update","started_at":"2020-08-17T08:39:17.087643Z","finished_at":"2020-08-17T08:39:17.109009Z","error":null,"worker":"/pulp/api/v3/workers/cd9295d3-cf46-427a-a568-0e46f1310114/","parent_task":null,"child_tasks":[],"task_group":null,"progress_reports":[],"created_resources":[],"reserved_resources_record":["/pulp/api/v3/remotes/python/python/e7111a29-06ed-4842-8a90-b52b7fc540ea/"]}'
    headers:
      Allow:
      - GET, PATCH, DELETE, HEAD, OPTIONS
      Connection:
      - close
      Content-Length:
      - '559'
      Content-Type:
      - application/json
      Date:
      - Mon, 17 Aug 2020 08:39:17 GMT
      Server:
      - nginx/1.14.2
      Vary:
      - Accept, Cookie
      X-Frame-Options:
      - SAMEORIGIN
    status:
      code: 200
      message: OK
- request:
    body: null
    headers:
      Accept:
      - application/json
      Connection:
      - close
      Content-Type:
      - application/json
      Host:
      - pulp3-sandbox-debian10
      User-Agent:
      - Python-urllib/3.8
    method: GET
    uri: http://pulp.example.org/pulp/api/v3/remotes/python/python/e7111a29-06ed-4842-8a90-b52b7fc540ea/
  response:
    body:
      string: '{"pulp_href":"/pulp/api/v3/remotes/python/python/e7111a29-06ed-4842-8a90-b52b7fc540ea/","pulp_created":"2020-08-17T08:39:16.107376Z","name":"test_python_remote","url":"https://pypi.org/","ca_cert":null,"client_cert":null,"client_key":null,"tls_validation":false,"proxy_url":"http://proxy.int:3128","username":null,"password":null,"pulp_last_updated":"2020-08-17T08:39:17.106101Z","download_concurrency":20,"policy":"on_demand","includes":[{"name":"aaaa","version_specifier":""},{"name":"bbbb","version_specifier":">=0.1"}],"excludes":[{"name":"cccc","version_specifier":""}],"prereleases":true}'
    headers:
      Allow:
      - GET, PUT, PATCH, DELETE, HEAD, OPTIONS
      Connection:
      - close
      Content-Length:
      - '594'
      Content-Type:
      - application/json
      Date:
      - Mon, 17 Aug 2020 08:39:17 GMT
      Server:
      - nginx/1.14.2
      Vary:
      - Accept, Cookie
      X-Frame-Options:
      - SAMEORIGIN
    status:
      code: 200
      message: OK
version: 1
