interactions:
- request:
    body: null
    headers:
      Accept:
      - application/json
      Connection:
      - close
      Content-Type:
      - application/json
      Host:
      - pulp3-sandbox-debian11
      User-Agent:
      - Python-urllib/3.10
    method: GET
    uri: https://pulp.example.org/pulp/api/v3/repositories/rpm/rpm/?limit=1&name=test_rpm_repository
  response:
    body:
      string: '{"count":1,"next":null,"previous":null,"results":[{"pulp_href":"/pulp/api/v3/repositories/rpm/rpm/fa8a6228-a41d-41af-babf-7299379f66ba/","pulp_created":"2022-04-07T11:53:27.398244Z","versions_href":"/pulp/api/v3/repositories/rpm/rpm/fa8a6228-a41d-41af-babf-7299379f66ba/versions/","pulp_labels":{},"latest_version_href":"/pulp/api/v3/repositories/rpm/rpm/fa8a6228-a41d-41af-babf-7299379f66ba/versions/0/","name":"test_rpm_repository","description":"repository
        created via ansible","retain_repo_versions":null,"remote":null,"autopublish":true,"metadata_signing_service":null,"retain_package_versions":0,"metadata_checksum_type":null,"package_checksum_type":null,"gpgcheck":0,"repo_gpgcheck":0,"sqlite_metadata":false}]}'
    headers:
      Access-Control-Expose-Headers:
      - Correlation-ID
      Allow:
      - GET, POST, HEAD, OPTIONS
      Connection:
      - close
      Content-Length:
      - '718'
      Content-Type:
      - application/json
      Correlation-ID:
      - 82c0ad237534435785e65e35c47bffb6
      Date:
      - Thu, 07 Apr 2022 11:53:34 GMT
      Referrer-Policy:
      - same-origin
      Server:
      - nginx/1.18.0
      Vary:
      - Accept, Cookie
      X-Content-Type-Options:
      - nosniff
      X-Frame-Options:
      - DENY
    status:
      code: 200
      message: OK
- request:
    body: '{"description": null}'
    headers:
      Accept:
      - application/json
      Connection:
      - close
      Content-Length:
      - 21
      Content-Type:
      - application/json
      Host:
      - pulp3-sandbox-debian11
      User-Agent:
      - Python-urllib/3.10
    method: PATCH
    uri: https://pulp.example.org/pulp/api/v3/repositories/rpm/rpm/fa8a6228-a41d-41af-babf-7299379f66ba/
  response:
    body:
      string: '{"task":"/pulp/api/v3/tasks/50b8ff10-db53-42f6-9f48-c70f80f7a4d7/"}'
    headers:
      Access-Control-Expose-Headers:
      - Correlation-ID
      Allow:
      - GET, PUT, PATCH, DELETE, HEAD, OPTIONS
      Connection:
      - close
      Content-Length:
      - '67'
      Content-Type:
      - application/json
      Correlation-ID:
      - 6e5f01e1775b4b6a8898b08bceec6b45
      Date:
      - Thu, 07 Apr 2022 11:53:34 GMT
      Referrer-Policy:
      - same-origin
      Server:
      - nginx/1.18.0
      Vary:
      - Accept, Cookie
      X-Content-Type-Options:
      - nosniff
      X-Frame-Options:
      - DENY
    status:
      code: 202
      message: Accepted
- request:
    body: null
    headers:
      Accept:
      - application/json
      Connection:
      - close
      Content-Type:
      - application/json
      Host:
      - pulp3-sandbox-debian11
      User-Agent:
      - Python-urllib/3.10
    method: GET
    uri: https://pulp.example.org/pulp/api/v3/tasks/50b8ff10-db53-42f6-9f48-c70f80f7a4d7/
  response:
    body:
      string: '{"pulp_href":"/pulp/api/v3/tasks/50b8ff10-db53-42f6-9f48-c70f80f7a4d7/","pulp_created":"2022-04-07T11:53:34.467887Z","state":"completed","name":"pulpcore.app.tasks.base.general_update","logging_cid":"6e5f01e1775b4b6a8898b08bceec6b45","started_at":"2022-04-07T11:53:34.522917Z","finished_at":"2022-04-07T11:53:34.544783Z","error":null,"worker":"/pulp/api/v3/workers/9e522ab7-36c6-4bd6-a2e7-6a9a8720fdda/","parent_task":null,"child_tasks":[],"task_group":null,"progress_reports":[],"created_resources":[],"reserved_resources_record":["/pulp/api/v3/repositories/rpm/rpm/fa8a6228-a41d-41af-babf-7299379f66ba/"]}'
    headers:
      Access-Control-Expose-Headers:
      - Correlation-ID
      Allow:
      - GET, PATCH, DELETE, HEAD, OPTIONS
      Connection:
      - close
      Content-Length:
      - '607'
      Content-Type:
      - application/json
      Correlation-ID:
      - 8ebe92800b4a470fa4b22269f816419e
      Date:
      - Thu, 07 Apr 2022 11:53:34 GMT
      Referrer-Policy:
      - same-origin
      Server:
      - nginx/1.18.0
      Vary:
      - Accept, Cookie
      X-Content-Type-Options:
      - nosniff
      X-Frame-Options:
      - DENY
    status:
      code: 200
      message: OK
- request:
    body: null
    headers:
      Accept:
      - application/json
      Connection:
      - close
      Content-Type:
      - application/json
      Host:
      - pulp3-sandbox-debian11
      User-Agent:
      - Python-urllib/3.10
    method: GET
    uri: https://pulp.example.org/pulp/api/v3/repositories/rpm/rpm/fa8a6228-a41d-41af-babf-7299379f66ba/
  response:
    body:
      string: '{"pulp_href":"/pulp/api/v3/repositories/rpm/rpm/fa8a6228-a41d-41af-babf-7299379f66ba/","pulp_created":"2022-04-07T11:53:27.398244Z","versions_href":"/pulp/api/v3/repositories/rpm/rpm/fa8a6228-a41d-41af-babf-7299379f66ba/versions/","pulp_labels":{},"latest_version_href":"/pulp/api/v3/repositories/rpm/rpm/fa8a6228-a41d-41af-babf-7299379f66ba/versions/0/","name":"test_rpm_repository","description":null,"retain_repo_versions":null,"remote":null,"autopublish":true,"metadata_signing_service":null,"retain_package_versions":0,"metadata_checksum_type":null,"package_checksum_type":null,"gpgcheck":0,"repo_gpgcheck":0,"sqlite_metadata":false}'
    headers:
      Access-Control-Expose-Headers:
      - Correlation-ID
      Allow:
      - GET, PUT, PATCH, DELETE, HEAD, OPTIONS
      Connection:
      - close
      Content-Length:
      - '638'
      Content-Type:
      - application/json
      Correlation-ID:
      - 8a8630ba66094ee9a59405406a9d0b02
      Date:
      - Thu, 07 Apr 2022 11:53:34 GMT
      Referrer-Policy:
      - same-origin
      Server:
      - nginx/1.18.0
      Vary:
      - Accept, Cookie
      X-Content-Type-Options:
      - nosniff
      X-Frame-Options:
      - DENY
    status:
      code: 200
      message: OK
version: 1
